Archive member included to satisfy reference by file (symbol)

C:/devkitPro/libogc/lib/wii\libwiiuse.a(wpad.o)
                              test.o (WPAD_Init)
C:/devkitPro/libogc/lib/wii\libwiiuse.a(motion_plus.o)
                              C:/devkitPro/libogc/lib/wii\libwiiuse.a(wpad.o) (wiiuse_set_motion_plus)
C:/devkitPro/libogc/lib/wii\libwiiuse.a(dynamics.o)
                              C:/devkitPro/libogc/lib/wii\libwiiuse.a(wpad.o) (calculate_gforce)
C:/devkitPro/libogc/lib/wii\libwiiuse.a(io.o)
                              C:/devkitPro/libogc/lib/wii\libwiiuse.a(motion_plus.o) (wiiuse_disable_expansion)
C:/devkitPro/libogc/lib/wii\libwiiuse.a(io_wii.o)
                              C:/devkitPro/libogc/lib/wii\libwiiuse.a(wpad.o) (__wiiuse_sensorbar_enable)
C:/devkitPro/libogc/lib/wii\libwiiuse.a(ir.o)
                              C:/devkitPro/libogc/lib/wii\libwiiuse.a(motion_plus.o) (wiiuse_set_ir_mode)
C:/devkitPro/libogc/lib/wii\libwiiuse.a(nunchuk.o)
                              C:/devkitPro/libogc/lib/wii\libwiiuse.a(io.o) (nunchuk_handshake)
C:/devkitPro/libogc/lib/wii\libwiiuse.a(wiiboard.o)
                              C:/devkitPro/libogc/lib/wii\libwiiuse.a(io.o) (wii_board_handshake)
C:/devkitPro/libogc/lib/wii\libwiiuse.a(wiiuse.o)
                              C:/devkitPro/libogc/lib/wii\libwiiuse.a(wpad.o) (wiiuse_init)
C:/devkitPro/libogc/lib/wii\libwiiuse.a(speaker.o)
                              C:/devkitPro/libogc/lib/wii\libwiiuse.a(wpad.o) (wencdata)
C:/devkitPro/libogc/lib/wii\libwiiuse.a(classic.o)
                              C:/devkitPro/libogc/lib/wii\libwiiuse.a(io.o) (classic_ctrl_handshake)
C:/devkitPro/libogc/lib/wii\libwiiuse.a(events.o)
                              C:/devkitPro/libogc/lib/wii\libwiiuse.a(io_wii.o) (parse_event)
C:/devkitPro/libogc/lib/wii\libwiiuse.a(guitar_hero_3.o)
                              C:/devkitPro/libogc/lib/wii\libwiiuse.a(io.o) (guitar_hero_3_handshake)
C:/devkitPro/libogc/lib/wii\libbte.a(bte.o)
                              C:/devkitPro/libogc/lib/wii\libwiiuse.a(wpad.o) (BTE_Init)
C:/devkitPro/libogc/lib/wii\libbte.a(hci.o)
                              C:/devkitPro/libogc/lib/wii\libbte.a(bte.o) (hci_init)
C:/devkitPro/libogc/lib/wii\libbte.a(l2cap.o)
                              C:/devkitPro/libogc/lib/wii\libbte.a(bte.o) (l2cap_init)
C:/devkitPro/libogc/lib/wii\libbte.a(btmemb.o)
                              C:/devkitPro/libogc/lib/wii\libbte.a(bte.o) (btmemb_init)
C:/devkitPro/libogc/lib/wii\libbte.a(btmemr.o)
                              C:/devkitPro/libogc/lib/wii\libbte.a(hci.o) (btmemr_init)
C:/devkitPro/libogc/lib/wii\libbte.a(btpbuf.o)
                              C:/devkitPro/libogc/lib/wii\libbte.a(hci.o) (btpbuf_init)
C:/devkitPro/libogc/lib/wii\libbte.a(physbusif.o)
                              C:/devkitPro/libogc/lib/wii\libbte.a(bte.o) (physbusif_init)
C:/devkitPro/libogc/lib/wii\libogc.a(lwp_queue.o)
                              C:/devkitPro/libogc/lib/wii\libwiiuse.a(io_wii.o) (__lwp_queue_initialize)
C:/devkitPro/libogc/lib/wii\libogc.a(lwp_threads.o)
                              C:/devkitPro/libogc/lib/wii\libwiiuse.a(wpad.o) (_thread_dispatch_disable_level)
C:/devkitPro/libogc/lib/wii\libogc.a(lwp.o)
                              C:/devkitPro/libogc/lib/wii\libbte.a(bte.o) (LWP_InitQueue)
C:/devkitPro/libogc/lib/wii\libogc.a(lwp_handler.o)
                              C:/devkitPro/libogc/lib/wii\libogc.a(lwp_threads.o) (_cpu_context_save_fp)
C:/devkitPro/libogc/lib/wii\libogc.a(lwp_stack.o)
                              C:/devkitPro/libogc/lib/wii\libogc.a(lwp_threads.o) (__lwp_stack_allocate)
C:/devkitPro/libogc/lib/wii\libogc.a(lwp_watchdog.o)
                              C:/devkitPro/libogc/lib/wii\libogc.a(lwp_threads.o) (_wd_ticks_queue)
C:/devkitPro/libogc/lib/wii\libogc.a(lwp_wkspace.o)
                              C:/devkitPro/libogc/lib/wii\libwiiuse.a(motion_plus.o) (__wkspace_heap)
C:/devkitPro/libogc/lib/wii\libogc.a(lwp_objmgr.o)
                              C:/devkitPro/libogc/lib/wii\libogc.a(lwp.o) (__lwp_objmgr_initinfo)
C:/devkitPro/libogc/lib/wii\libogc.a(lwp_heap.o)
                              C:/devkitPro/libogc/lib/wii\libogc.a(lwp_wkspace.o) (__lwp_heap_init)
C:/devkitPro/libogc/lib/wii\libogc.a(sys_state.o)
                              C:/devkitPro/libogc/lib/wii\libogc.a(lwp_threads.o) (_sys_state_curr)
C:/devkitPro/libogc/lib/wii\libogc.a(irq.o)
                              C:/devkitPro/libogc/lib/wii\libwiiuse.a(io_wii.o) (IRQ_Disable)
C:/devkitPro/libogc/lib/wii\libogc.a(video.o)
                              test.o (VIDEO_WaitVSync)
C:/devkitPro/libogc/lib/wii\libogc.a(system.o)
                              C:/devkitPro/libogc/lib/wii\libwiiuse.a(wpad.o) (__SYS_DoPowerCB)
C:/devkitPro/libogc/lib/wii\libogc.a(system_asm.o)
[...]
Memory Configuration

Name             Origin             Length             Attributes
*default*        0x00000000         0xffffffff

Linker script and memory map

                0x00003400                        . = 0x3400

.stub
 *(.stub)
                0x80004000                        . = 0x80004000

.init           0x80004000      0x194
 *crt0.o(*.init)
 .init          0x80004000      0x170 C:/devkitPro/libogc/lib/wii\libogc.a(ogc_crt0.o)
                0x80004000                _start
                0x80004140                _memset
 *(.init)
 .init          0x80004170        0xc C:/devkitPro/devkitPPC/bin/../lib/gcc/powerpc-eabi/15.1.0/ecrti.o
                0x80004170                __init
 .init          0x8000417c        0x4 C:/devkitPro/devkitPPC/bin/../lib/gcc/powerpc-eabi/15.1.0/crtbegin.o
 .init          0x80004180        0x4 C:/devkitPro/devkitPPC/bin/../lib/gcc/powerpc-eabi/15.1.0/crtend.o
 .init          0x80004184       0x10 C:/devkitPro/devkitPPC/bin/../lib/gcc/powerpc-eabi/15.1.0/ecrtn.o

.rela.dyn       0x80004194        0x0
 .rela.iplt     0x80004194        0x0 C:/devkitPro/devkitPPC/bin/../lib/gcc/powerpc-eabi/15.1.0/crtbegin.o

.plt
 *(.plt)

.interp
 *(.interp)

.hash
 *(.hash)

.dynsym
 *(.dynsym)

.dynstr
 *(.dynstr)

.gnu.version
 *(.gnu.version)

.gnu.version_d
 *(.gnu.version_d)

.gnu.version_r
 *(.gnu.version_r)

.rel.init
 *(.rel.init)

.rela.init
 *(.rela.init)

.rel.text
 *(.rel.text .rel.text.* .rel.gnu.linkonce.t.*)

.rela.text      0x80004194        0x0
 *(.rela.text .rela.text.* .rela.gnu.linkonce.t.*)
 .rela.text.__do_global_dtors_aux
                0x80004194        0x0 C:/devkitPro/devkitPPC/bin/../lib/gcc/powerpc-eabi/15.1.0/crtbegin.o
 .rela.text.frame_dummy
                0x80004194        0x0 C:/devkitPro/devkitPPC/bin/../lib/gcc/powerpc-eabi/15.1.0/crtbegin.o
 .rela.text.unlikely.abort
                0x80004194        0x0 C:/devkitPro/devkitPPC/bin/../lib/gcc/powerpc-eabi/15.1.0/crtbegin.o
 .rela.text.__assert_func
                0x80004194        0x0 C:/devkitPro/devkitPPC/bin/../lib/gcc/powerpc-eabi/15.1.0/crtbegin.o

.rel.fini
 *(.rel.fini)

.rela.fini
 *(.rela.fini)

.rel.rodata
 *(.rel.rodata .rel.rodata.* .rel.gnu.linkonce.r.*)

.rela.rodata
 *(.rela.rodata .rela.rodata.* .rela.gnu.linkonce.r.*)

.rel.data
 *(.rel.data .rel.data.* .rel.gnu.linkonce.d.*)

.rela.data
 *(.rela.data .rela.data.* .rela.gnu.linkonce.d.*)

.rel.tdata
 *(.rel.tdata .rel.tdata.* .rel.gnu.linkonce.td.*)

.rela.tdata
 *(.rela.tdata .rela.tdata.* .rela.gnu.linkonce.td.*)

.rel.tbss
 *(.rel.tbss .rel.tbss.* .rel.gnu.linkonce.tb.*)

.rela.tbss
 *(.rela.tbss .rela.tbss.* .rela.gnu.linkonce.tb.*)

.rel.ctors
 *(.rel.ctors)

.rela.ctors
 *(.rela.ctors)

.rel.dtors
 *(.rel.dtors)

.rela.dtors
 *(.rela.dtors)

.rel.got
 *(.rel.got)

.rela.got
 *(.rela.got)

.rela.got1
 *(.rela.got1)

.rela.got2
 *(.rela.got2)

.rel.sdata
 *(.rel.sdata .rel.sdata.* .rel.gnu.linkonce.s.*)

.rela.sdata
 *(.rela.sdata .rela.sdata.* .rela.gnu.linkonce.s.*)

.rel.sbss
 *(.rel.sbss .rel.sbss.* .rel.gnu.linkonce.sb.*)

.rela.sbss
 *(.rela.sbss .rela.sbss.* .rel.gnu.linkonce.sb.*)

.rel.sdata2
 *(.rel.sdata2 .rel.sdata2.* .rel.gnu.linkonce.s2.*)

.rela.sdata2
 *(.rela.sdata2 .rela.sdata2.* .rela.gnu.linkonce.s2.*)

.rel.sbss2
 *(.rel.sbss2 .rel.sbss2.* .rel.gnu.linkonce.sb2.*)

.rela.sbss2
 *(.rela.sbss2 .rela.sbss2.* .rela.gnu.linkonce.sb2.*)

.rel.bss
 *(.rel.bss .rel.bss.* .rel.gnu.linkonce.b.*)

.rela.bss
 *(.rela.bss .rela.bss.* .rela.gnu.linkonce.b.*)

.rel.plt
 *(.rel.plt)

.rela.plt
 *(.rela.plt)

.text           0x800041a0    0x41f60
 *(.text)
 .text          0x800041a0      0x44c C:/devkitPro/libogc/lib/wii\libogc.a(lwp_handler.o)
                0x800041a0                _cpu_context_save_fp
                0x800042e0                _cpu_context_restore_fp
                0x80004420                _cpu_context_switch
                0x80004500                _cpu_context_save
                0x80004580                _cpu_context_restore
 .text          0x800045ec      0x46c C:/devkitPro/libogc/lib/wii\libogc.a(system_asm.o)
                0x800045ec                __realmode
                0x80004604                __configBATS
                0x80004734                __InitFPRS
                0x80004860                __InitPS
                0x800048bc                __InitCache
                0x80004914                __InitSystem
                0x8000499c                __reset
                0x80004a0c                __InitBATS
                0x80004a28                SYS_SwitchFiber
 .text          0x80004a58      0x1ac C:/devkitPro/libogc/lib/wii\libogc.a(irq_handler.o)
                0x80004a58                irq_exceptionhandler
 .text          0x80004c04      0x4f4 C:/devkitPro/libogc/lib/wii\libogc.a(cache_asm.o)
                0x80004c04                DCFlashInvalidate
                0x80004c18                DCEnable
                0x80004c2c                DCDisable
                0x80004c40                DCFreeze
                0x80004c54                DCUnfreeze
                0x80004c68                DCTouchLoad
                0x80004c70                DCBlockZero
                0x80004c78                DCBlockStore
                0x80004c80                DCBlockFlush
                0x80004c88                DCBlockInvalidate
                0x80004c90                DCInvalidateRange
                0x80004cc0                DCFlushRange
                0x80004cf4                DCStoreRange
                0x80004d28                DCFlushRangeNoSync
                0x80004d58                DCStoreRangeNoSync
                0x80004d88                DCZeroRange
                0x80004db8                DCTouchRange
                0x80004de8                ICInvalidateRange
                0x80004e20                ICFlashInvalidate
                0x80004e34                ICEnable
                0x80004e48                ICDisable
                0x80004e5c                ICFreeze
                0x80004e70                ICUnfreeze
                0x80004e84                ICBlockInvalidate
                0x80004e8c                ICSync
                0x80004e94                L2Init
                0x80004edc                L2Enable
                0x80004ef8                L2Disable
                0x80004f10                L2GlobalInvalidate
                0x80004f68                __LCEnable
                0x80005034                LCDisable
                0x8000505c                LCAllocOneTag
                0x80005070                LCAllocTags
                0x800050b0                LCLoadBlocks
                0x800050d4                LCStoreBlocks
 .text          0x800050f8      0x1ac C:/devkitPro/libogc/lib/wii\libogc.a(decrementer_handler.o)
                0x800050f8                dec_exceptionhandler
 .text          0x800052a4      0x35c C:/devkitPro/libogc/lib/wii\libogc.a(exception_handler.o)
                0x800052a4                exceptionhandler_start
                0x80005320                exceptionhandler_patch
                0x80005354                exceptionhandler_end
                0x80005358                default_exceptionhandler
                0x80005488                fpu_exceptionhandler
                0x800055d0                systemcallhandler_start
                0x800055fc                systemcallhandler_end
 .text          0x80005600       0x48 C:/devkitPro/devkitPPC/bin/../lib/gcc/powerpc-eabi/15.1.0\libgcc.a(eabi.o)
                0x80005600                __eabi
 .text          0x80005648       0x58 C:/devkitPro/devkitPPC/bin/../lib/gcc/powerpc-eabi/15.1.0\libgcc.a(crtresxgpr.o)
                0x80005648                _restgpr_14_x
                0x8000564c                _restgpr_15_x
                0x80005650                _restgpr_16_x
                0x80005654                _restgpr_17_x
                0x80005658                _restgpr_18_x
                0x8000565c                _restgpr_19_x
                0x80005660                _restgpr_20_x
                0x80005664                _restgpr_21_x
                0x80005668                _restgpr_22_x
                0x8000566c                _restgpr_23_x
                0x80005670                _restgpr_24_x
                0x80005674                _restgpr_25_x
                0x80005678                _restgpr_26_x
                0x8000567c                _restgpr_27_x
                0x80005680                _restgpr_28_x
                0x80005684                _restgpr_29_x
                0x80005688                _restgpr_30_x
                0x8000568c                _restgpr_31_x
 *(.text.*)
 .text.__do_global_dtors_aux
                0x800056a0       0xcc C:/devkitPro/devkitPPC/bin/../lib/gcc/powerpc-eabi/15.1.0/crtbegin.o
 .text.frame_dummy
                0x8000576c       0x24 C:/devkitPro/devkitPPC/bin/../lib/gcc/powerpc-eabi/15.1.0/crtbegin.o
 .text.__crtmain
                0x80005790       0x40 C:/devkitPro/devkitPPC/bin/../lib/gcc/powerpc-eabi/15.1.0/../../../../powerpc-eabi/lib/crtmain.o
                0x80005794                __crtmain
 .text.UGX_videoInit
                0x800057d0      0x138 test.o
                0x800057d0                UGX_videoInit
 .text.UGX_drawSquare
                0x80005908      0x124 test.o
                0x80005908                UGX_drawSquare
 .text.UGX_refreshFrame
                0x80005a2c       0x64 test.o
                0x80005a2c                UGX_refreshFrame
 .text.UGX_WPADMovement
                0x80005a90       0xc8 test.o
                0x80005a90                UGX_WPADMovement
 .text.startup.main
                0x80005b58      0x178 test.o
                0x80005b58                main
 .text.__wpad_assign_slot
                0x80005cd0      0x228 C:/devkitPro/libogc/lib/wii\libwiiuse.a(wpad.o)
                0x80005cd0                __wpad_assign_slot
 .text.__wpad_def_powcb
                0x80005ef8        0x4 C:/devkitPro/libogc/lib/wii\libwiiuse.a(wpad.o)
 .text.__readlinkkey_finished
                0x80005efc       0x34 C:/devkitPro/libogc/lib/wii\libwiiuse.a(wpad.o)
 .text.__wpad_patch_finished
                0x80005f30       0x2c C:/devkitPro/libogc/lib/wii\libwiiuse.a(wpad.o)
 .text.__wpad_setfmt
                0x80005f5c      0x14c C:/devkitPro/libogc/lib/wii\libwiiuse.a(wpad.o)
 .text.__wpad_eventCB
                0x800060a8      0xbf0 C:/devkitPro/libogc/lib/wii\libwiiuse.a(wpad.o)
 .text.__wpad_disconnectCB
                0x80006c98       0xd4 C:/devkitPro/libogc/lib/wii\libwiiuse.a(wpad.o)
                0x80006c98                __wpad_disconnectCB
 .text.__wpad_timeouthandler
                0x80006d6c       0xfc C:/devkitPro/libogc/lib/wii\libwiiuse.a(wpad.o)
 .text.__initcore_finished
                0x80006e68       0x48 C:/devkitPro/libogc/lib/wii\libwiiuse.a(wpad.o)
 .text.__wpad_init_finished
                0x80006eb0      0x194 C:/devkitPro/libogc/lib/wii\libwiiuse.a(wpad.o)
 .text.WPAD_ReadEvent
                0x80007044      0x670 C:/devkitPro/libogc/lib/wii\libwiiuse.a(wpad.o)
                0x80007044                WPAD_ReadEvent
 .text.WPAD_ReadPending
                0x800076b4      0x1a0 C:/devkitPro/libogc/lib/wii\libwiiuse.a(wpad.o)
                0x800076b4                WPAD_ReadPending
 .text.WPAD_Shutdown
                0x80007854      0x108 C:/devkitPro/libogc/lib/wii\libwiiuse.a(wpad.o)
                0x80007854                WPAD_Shutdown
 .text.WPAD_Init
                0x8000795c      0x280 C:/devkitPro/libogc/lib/wii\libwiiuse.a(wpad.o)
                0x8000795c                WPAD_Init
 .text.__wpad_onreset
                0x80007bdc       0x34 C:/devkitPro/libogc/lib/wii\libwiiuse.a(wpad.o)
 .text.WPAD_ScanPads
                0x80007c10       0x90 C:/devkitPro/libogc/lib/wii\libwiiuse.a(wpad.o)
                0x80007c10                WPAD_ScanPads
 .text.WPAD_ButtonsDown
                0x80007ca0       0x28 C:/devkitPro/libogc/lib/wii\libwiiuse.a(wpad.o)
                0x80007ca0                WPAD_ButtonsDown
 .text.WPAD_ButtonsHeld
                0x80007cc8       0x28 C:/devkitPro/libogc/lib/wii\libwiiuse.a(wpad.o)
                0x80007cc8                WPAD_ButtonsHeld
 .text.motion_plus_disconnected
                0x80007cf0       0x10 C:/devkitPro/libogc/lib/wii\libwiiuse.a(motion_plus.o)
                0x80007cf0                motion_plus_disconnected
 .text.motion_plus_event
                0x80007d00       0x64 C:/devkitPro/libogc/lib/wii\libwiiuse.a(motion_plus.o)
                0x80007d00                motion_plus_event
 .text.calculate_gforce
                0x80007d64      0x114 C:/devkitPro/libogc/lib/wii\libwiiuse.a(dynamics.o)
                0x80007d64                calculate_gforce
 .text.calc_joystick_state
                0x80007e78      0x208 C:/devkitPro/libogc/lib/wii\libwiiuse.a(dynamics.o)
                0x80007e78                calc_joystick_state
 .text.apply_smoothing
                0x80008080      0x110 C:/devkitPro/libogc/lib/wii\libwiiuse.a(dynamics.o)
                0x80008080                apply_smoothing
 .text.calculate_orientation
                0x80008190      0x360 C:/devkitPro/libogc/lib/wii\libwiiuse.a(dynamics.o)
                0x80008190                calculate_orientation
 .text.calc_balanceboard_state
                0x800084f0      0x3a4 C:/devkitPro/libogc/lib/wii\libwiiuse.a(dynamics.o)
                0x800084f0                calc_balanceboard_state
 .text.wiiuse_handshake
                0x80008894      0x24c C:/devkitPro/libogc/lib/wii\libwiiuse.a(io.o)
                0x80008894                wiiuse_handshake
 .text.wiiuse_handshake_expansion
                0x80008ae0      0x214 C:/devkitPro/libogc/lib/wii\libwiiuse.a(io.o)
                0x80008ae0                wiiuse_handshake_expansion
 .text.wiiuse_handshake_expansion_start
                0x80008cf4       0x5c C:/devkitPro/libogc/lib/wii\libwiiuse.a(io.o)
                0x80008cf4                wiiuse_handshake_expansion_start
 .text.wiiuse_disable_expansion
                0x80008d50      0x1b0 C:/devkitPro/libogc/lib/wii\libwiiuse.a(io.o)
                0x80008d50                wiiuse_disable_expansion
 .text.__wiiuse_connected
                0x80008f00       0x9c C:/devkitPro/libogc/lib/wii\libwiiuse.a(io_wii.o)
 .text.__wiiuse_disconnected
                0x80008f9c       0xb4 C:/devkitPro/libogc/lib/wii\libwiiuse.a(io_wii.o)
 .text.__wiiuse_receive
                0x80009050       0xc4 C:/devkitPro/libogc/lib/wii\libwiiuse.a(io_wii.o)
 .text.__wiiuse_sensorbar_enable
                0x80009114       0x74 C:/devkitPro/libogc/lib/wii\libwiiuse.a(io_wii.o)
                0x80009114                __wiiuse_sensorbar_enable
 .text.wiiuse_register
                0x80009188       0xe4 C:/devkitPro/libogc/lib/wii\libwiiuse.a(io_wii.o)
                0x80009188                wiiuse_register
 .text.wiiuse_disconnect
                0x8000926c       0x24 C:/devkitPro/libogc/lib/wii\libwiiuse.a(io_wii.o)
                0x8000926c                wiiuse_disconnect
 .text.wiiuse_init_cmd_queue
                0x80009290       0xa4 C:/devkitPro/libogc/lib/wii\libwiiuse.a(io_wii.o)
                0x80009290                wiiuse_init_cmd_queue
 .text.wiiuse_io_write
                0x80009334       0x1c C:/devkitPro/libogc/lib/wii\libwiiuse.a(io_wii.o)
                0x80009334                wiiuse_io_write
 .text.rotate_dots
                0x80009350      0x134 C:/devkitPro/libogc/lib/wii\libwiiuse.a(ir.o)
 .text.wiiuse_set_ir_mode
                0x80009484       0x5c C:/devkitPro/libogc/lib/wii\libwiiuse.a(ir.o)
                0x80009484                wiiuse_set_ir_mode
 .text.wiiuse_set_ir
                0x800094e0      0x298 C:/devkitPro/libogc/lib/wii\libwiiuse.a(ir.o)
                0x800094e0                wiiuse_set_ir
 .text.wiiuse_set_ir_position
                0x80009778       0x80 C:/devkitPro/libogc/lib/wii\libwiiuse.a(ir.o)
                0x80009778                wiiuse_set_ir_position
 .text.wiiuse_set_aspect_ratio
                0x800097f8       0xac C:/devkitPro/libogc/lib/wii\libwiiuse.a(ir.o)
                0x800097f8                wiiuse_set_aspect_ratio
 .text.wiiuse_set_ir_sensitivity
                0x800098a4      0x190 C:/devkitPro/libogc/lib/wii\libwiiuse.a(ir.o)
                0x800098a4                wiiuse_set_ir_sensitivity
 .text.calculate_basic_ir
                0x80009a34       0xe8 C:/devkitPro/libogc/lib/wii\libwiiuse.a(ir.o)
                0x80009a34                calculate_basic_ir
 .text.calculate_extended_ir
                0x80009b1c       0x64 C:/devkitPro/libogc/lib/wii\libwiiuse.a(ir.o)
                0x80009b1c                calculate_extended_ir
 .text.find_sensorbar
                0x80009b80      0xb00 C:/devkitPro/libogc/lib/wii\libwiiuse.a(ir.o)
                0x80009b80                find_sensorbar
 .text.apply_ir_smoothing
                0x8000a680      0x120 C:/devkitPro/libogc/lib/wii\libwiiuse.a(ir.o)
                0x8000a680                apply_ir_smoothing
 .text.interpret_ir_data
                0x8000a7a0      0x3d0 C:/devkitPro/libogc/lib/wii\libwiiuse.a(ir.o)
                0x8000a7a0                interpret_ir_data
 .text.nunchuk_handshake
                0x8000ab70      0x360 C:/devkitPro/libogc/lib/wii\libwiiuse.a(nunchuk.o)
                0x8000ab70                nunchuk_handshake
 .text.nunchuk_disconnected
                0x8000aed0        0xc C:/devkitPro/libogc/lib/wii\libwiiuse.a(nunchuk.o)
                0x8000aed0                nunchuk_disconnected
 .text.nunchuk_event
                0x8000aedc       0xe8 C:/devkitPro/libogc/lib/wii\libwiiuse.a(nunchuk.o)
                0x8000aedc                nunchuk_event
 .text.wii_board_handshake
                0x8000afc4      0x28c C:/devkitPro/libogc/lib/wii\libwiiuse.a(wiiboard.o)
                0x8000afc4                wii_board_handshake
 .text.wii_board_disconnected
                0x8000b250        0xc C:/devkitPro/libogc/lib/wii\libwiiuse.a(wiiboard.o)
                0x8000b250                wii_board_disconnected
 .text.wii_board_event
                0x8000b25c       0x24 C:/devkitPro/libogc/lib/wii\libwiiuse.a(wiiboard.o)
                0x8000b25c                wii_board_event
 .text.wiiuse_send_next_command
                0x8000b280       0x58 C:/devkitPro/libogc/lib/wii\libwiiuse.a(wiiuse.o)
                0x8000b280                wiiuse_send_next_command
 .text.wiiuse_init
                0x8000b2d8      0x1fc C:/devkitPro/libogc/lib/wii\libwiiuse.a(wiiuse.o)
                0x8000b2d8                wiiuse_init
 .text.wiiuse_set_flags
                0x8000b4d4       0x28 C:/devkitPro/libogc/lib/wii\libwiiuse.a(wiiuse.o)
                0x8000b4d4                wiiuse_set_flags
 .text.wiiuse_read_data
                0x8000b4fc      0x12c C:/devkitPro/libogc/lib/wii\libwiiuse.a(wiiuse.o)
                0x8000b4fc                wiiuse_read_data
 .text.wiiuse_write_data
                0x8000b628      0x160 C:/devkitPro/libogc/lib/wii\libwiiuse.a(wiiuse.o)
                0x8000b628                wiiuse_write_data
 .text.wiiuse_sendcmd
                0x8000b788      0x14c C:/devkitPro/libogc/lib/wii\libwiiuse.a(wiiuse.o)
                0x8000b788                wiiuse_sendcmd
 .text.wiiuse_set_leds
                0x8000b8d4       0x50 C:/devkitPro/libogc/lib/wii\libwiiuse.a(wiiuse.o)
                0x8000b8d4                wiiuse_set_leds
 .text.wiiuse_set_report_type
                0x8000b924       0xb4 C:/devkitPro/libogc/lib/wii\libwiiuse.a(wiiuse.o)
                0x8000b924                wiiuse_set_report_type
 .text.wiiuse_status
                0x8000b9d8       0x4c C:/devkitPro/libogc/lib/wii\libwiiuse.a(wiiuse.o)
                0x8000b9d8                wiiuse_status
 .text.wiiuse_motion_sensing
                0x8000ba24       0x84 C:/devkitPro/libogc/lib/wii\libwiiuse.a(wiiuse.o)
                0x8000ba24                wiiuse_motion_sensing
 .text.wiiuse_set_speaker
                0x8000baa8      0x258 C:/devkitPro/libogc/lib/wii\libwiiuse.a(speaker.o)
                0x8000baa8                wiiuse_set_speaker
 .text.classic_ctrl_handshake
                0x8000bd00      0x460 C:/devkitPro/libogc/lib/wii\libwiiuse.a(classic.o)
                0x8000bd00                classic_ctrl_handshake
 .text.classic_ctrl_disconnected
                0x8000c160        0xc C:/devkitPro/libogc/lib/wii\libwiiuse.a(classic.o)
                0x8000c160                classic_ctrl_disconnected
 .text.classic_ctrl_event
                0x8000c16c      0x15c C:/devkitPro/libogc/lib/wii\libwiiuse.a(classic.o)
                0x8000c16c                classic_ctrl_event
 .text.handle_expansion
                0x8000c2c8       0x54 C:/devkitPro/libogc/lib/wii\libwiiuse.a(events.o)
 .text.parse_event
                0x8000c31c      0x76c C:/devkitPro/libogc/lib/wii\libwiiuse.a(events.o)
                0x8000c31c                parse_event
 .text.guitar_hero_3_handshake
                0x8000ca88       0x5c C:/devkitPro/libogc/lib/wii\libwiiuse.a(guitar_hero_3.o)
                0x8000ca88                guitar_hero_3_handshake
 .text.guitar_hero_3_disconnected
                0x8000cae4        0xc C:/devkitPro/libogc/lib/wii\libwiiuse.a(guitar_hero_3.o)
                0x8000cae4                guitar_hero_3_disconnected
 .text.guitar_hero_3_event
                0x8000caf0       0x60 C:/devkitPro/libogc/lib/wii\libwiiuse.a(guitar_hero_3.o)
                0x8000caf0                guitar_hero_3_event
 .text.acl_wlp_completed
                0x8000cb50        0x8 C:/devkitPro/libogc/lib/wii\libbte.a(bte.o)
                0x8000cb50                acl_wlp_completed
 .text.bt_alarmhandler
                0x8000cb58       0x58 C:/devkitPro/libogc/lib/wii\libbte.a(bte.o)
 .text.__bte_send_pending_request
                0x8000cbb0      0x108 C:/devkitPro/libogc/lib/wii\libbte.a(bte.o)
 .text.acl_conn_complete
                0x8000ccb8       0x2c C:/devkitPro/libogc/lib/wii\libbte.a(bte.o)
                0x8000ccb8                acl_conn_complete
 .text.l2cap_accepted
                0x8000cce4      0x11c C:/devkitPro/libogc/lib/wii\libbte.a(bte.o)
                0x8000cce4                l2cap_accepted
 .text.l2cap_disconnect_cfm
                0x8000ce00      0x180 C:/devkitPro/libogc/lib/wii\libbte.a(bte.o)
                0x8000ce00                l2cap_disconnect_cfm
 .text.bte_process_input
                0x8000cf80      0x120 C:/devkitPro/libogc/lib/wii\libbte.a(bte.o)
 .text.l2cap_disconnected_ind
                0x8000d0a0      0x18c C:/devkitPro/libogc/lib/wii\libbte.a(bte.o)
                0x8000d0a0                l2cap_disconnected_ind
 .text.__bte_shutdown_finished
                0x8000d22c       0xe0 C:/devkitPro/libogc/lib/wii\libbte.a(bte.o)
 .text.bte_hci_apply_patch_complete
                0x8000d30c      0x168 C:/devkitPro/libogc/lib/wii\libbte.a(bte.o)
                0x8000d30c                bte_hci_apply_patch_complete
 .text.bte_hci_patch_complete
                0x8000d474      0x370 C:/devkitPro/libogc/lib/wii\libbte.a(bte.o)
                0x8000d474                bte_hci_patch_complete
 .text.bte_hci_initcore_complete
                0x8000d7e4      0x254 C:/devkitPro/libogc/lib/wii\libbte.a(bte.o)
                0x8000d7e4                bte_hci_initcore_complete
 .text.bte_read_stored_link_key_complete
                0x8000da38      0x268 C:/devkitPro/libogc/lib/wii\libbte.a(bte.o)
                0x8000da38                bte_read_stored_link_key_complete
 .text.bte_hci_initcore_complete2
                0x8000dca0      0x224 C:/devkitPro/libogc/lib/wii\libbte.a(bte.o)
 .text.bte_hci_initsub_complete
                0x8000dec4      0x274 C:/devkitPro/libogc/lib/wii\libbte.a(bte.o)
                0x8000dec4                bte_hci_initsub_complete
 .text.BTE_Init
                0x8000e138      0x138 C:/devkitPro/libogc/lib/wii\libbte.a(bte.o)
                0x8000e138                BTE_Init
 .text.BTE_Shutdown
                0x8000e270      0x100 C:/devkitPro/libogc/lib/wii\libbte.a(bte.o)
                0x8000e270                BTE_Shutdown
 .text.BTE_InitCore
                0x8000e370       0x8c C:/devkitPro/libogc/lib/wii\libbte.a(bte.o)
                0x8000e370                BTE_InitCore
 .text.BTE_ApplyPatch
                0x8000e3fc       0xa4 C:/devkitPro/libogc/lib/wii\libbte.a(bte.o)
                0x8000e3fc                BTE_ApplyPatch
 .text.BTE_InitSub
                0x8000e4a0       0x90 C:/devkitPro/libogc/lib/wii\libbte.a(bte.o)
                0x8000e4a0                BTE_InitSub
 .text.BTE_ReadStoredLinkKey
                0x8000e530       0x90 C:/devkitPro/libogc/lib/wii\libbte.a(bte.o)
                0x8000e530                BTE_ReadStoredLinkKey
 .text.BTE_SetDisconnectCallback
                0x8000e5c0        0x4 C:/devkitPro/libogc/lib/wii\libbte.a(bte.o)
                0x8000e5c0                BTE_SetDisconnectCallback
 .text.bte_new  0x8000e5c4       0x54 C:/devkitPro/libogc/lib/wii\libbte.a(bte.o)
                0x8000e5c4                bte_new
 .text.bte_registerdeviceasync
                0x8000e618      0x168 C:/devkitPro/libogc/lib/wii\libbte.a(bte.o)
                0x8000e618                bte_registerdeviceasync
 .text.bte_disconnect
                0x8000e780       0xd8 C:/devkitPro/libogc/lib/wii\libbte.a(bte.o)
                0x8000e780                bte_disconnect
 .text.bte_senddata
                0x8000e858      0x104 C:/devkitPro/libogc/lib/wii\libbte.a(bte.o)
                0x8000e858                bte_senddata
 .text.bte_arg  0x8000e95c       0x38 C:/devkitPro/libogc/lib/wii\libbte.a(bte.o)
                0x8000e95c                bte_arg
 .text.bte_received
                0x8000e994       0x38 C:/devkitPro/libogc/lib/wii\libbte.a(bte.o)
                0x8000e994                bte_received
 .text.bte_disconnected
                0x8000e9cc       0x38 C:/devkitPro/libogc/lib/wii\libbte.a(bte.o)
                0x8000e9cc                bte_disconnected
 .text.hci_get_link
                0x8000ea04       0x84 C:/devkitPro/libogc/lib/wii\libbte.a(hci.o)
 .text.hci_init
                0x8000ea88       0x7c C:/devkitPro/libogc/lib/wii\libbte.a(hci.o)
                0x8000ea88                hci_init
 .text.hci_close
                0x8000eb04      0x134 C:/devkitPro/libogc/lib/wii\libbte.a(hci.o)
                0x8000eb04                hci_close
 .text.hci_reset_all
                0x8000ec38       0xa8 C:/devkitPro/libogc/lib/wii\libbte.a(hci.o)
                0x8000ec38                hci_reset_all
 .text.hci_arg  0x8000ece0        0xc C:/devkitPro/libogc/lib/wii\libbte.a(hci.o)
                0x8000ece0                hci_arg
 .text.hci_cmd_complete
                0x8000ecec        0xc C:/devkitPro/libogc/lib/wii\libbte.a(hci.o)
                0x8000ecec                hci_cmd_complete
 .text.hci_connection_complete
                0x8000ecf8        0xc C:/devkitPro/libogc/lib/wii\libbte.a(hci.o)
                0x8000ecf8                hci_connection_complete
 .text.hci_wlp_complete
                0x8000ed04        0xc C:/devkitPro/libogc/lib/wii\libbte.a(hci.o)
                0x8000ed04                hci_wlp_complete
 .text.hci_reset
                0x8000ed10       0xa0 C:/devkitPro/libogc/lib/wii\libbte.a(hci.o)
                0x8000ed10                hci_reset
 .text.hci_read_buffer_size
                0x8000edb0       0xa0 C:/devkitPro/libogc/lib/wii\libbte.a(hci.o)
                0x8000edb0                hci_read_buffer_size
 .text.hci_read_bd_addr
                0x8000ee50       0xa0 C:/devkitPro/libogc/lib/wii\libbte.a(hci.o)
                0x8000ee50                hci_read_bd_addr
 .text.hci_read_local_version
                0x8000eef0       0x9c C:/devkitPro/libogc/lib/wii\libbte.a(hci.o)
                0x8000eef0                hci_read_local_version
 .text.hci_read_local_features
                0x8000ef8c       0xa0 C:/devkitPro/libogc/lib/wii\libbte.a(hci.o)
                0x8000ef8c                hci_read_local_features
 .text.hci_read_stored_link_key
                0x8000f02c       0xf0 C:/devkitPro/libogc/lib/wii\libbte.a(hci.o)
                0x8000f02c                hci_read_stored_link_key
 .text.hci_write_page_timeout
                0x8000f11c       0xc4 C:/devkitPro/libogc/lib/wii\libbte.a(hci.o)
                0x8000f11c                hci_write_page_timeout
 .text.hci_write_scan_enable
                0x8000f1e0       0xb0 C:/devkitPro/libogc/lib/wii\libbte.a(hci.o)
                0x8000f1e0                hci_write_scan_enable
 .text.hci_accecpt_conn_request
                0x8000f290       0xd4 C:/devkitPro/libogc/lib/wii\libbte.a(hci.o)
                0x8000f290                hci_accecpt_conn_request
 .text.hci_write_local_name
                0x8000f364       0xdc C:/devkitPro/libogc/lib/wii\libbte.a(hci.o)
                0x8000f364                hci_write_local_name
 .text.hci_write_pin_type
                0x8000f440       0xb0 C:/devkitPro/libogc/lib/wii\libbte.a(hci.o)
                0x8000f440                hci_write_pin_type
 .text.hci_write_inquiry_mode
                0x8000f4f0       0xb0 C:/devkitPro/libogc/lib/wii\libbte.a(hci.o)
                0x8000f4f0                hci_write_inquiry_mode
 .text.hci_write_page_scan_type
                0x8000f5a0       0xb0 C:/devkitPro/libogc/lib/wii\libbte.a(hci.o)
                0x8000f5a0                hci_write_page_scan_type
 .text.hci_write_inquiry_scan_type
                0x8000f650       0xb0 C:/devkitPro/libogc/lib/wii\libbte.a(hci.o)
                0x8000f650                hci_write_inquiry_scan_type
 .text.hci_vendor_specific_command
                0x8000f700       0xe8 C:/devkitPro/libogc/lib/wii\libbte.a(hci.o)
                0x8000f700                hci_vendor_specific_command
 .text.hci_write_link_policy_settings
                0x8000f7e8       0xf4 C:/devkitPro/libogc/lib/wii\libbte.a(hci.o)
                0x8000f7e8                hci_write_link_policy_settings
 .text.hci_pin_code_request_neg_reply
                0x8000f8dc       0xc0 C:/devkitPro/libogc/lib/wii\libbte.a(hci.o)
                0x8000f8dc                hci_pin_code_request_neg_reply
 .text.hci_link_key_req_neg_reply
                0x8000f99c       0xc0 C:/devkitPro/libogc/lib/wii\libbte.a(hci.o)
                0x8000f99c                hci_link_key_req_neg_reply
 .text.hci_disconnect
                0x8000fa5c       0xec C:/devkitPro/libogc/lib/wii\libbte.a(hci.o)
                0x8000fa5c                hci_disconnect
 .text.hci_write_cod
                0x8000fb48       0xc0 C:/devkitPro/libogc/lib/wii\libbte.a(hci.o)
                0x8000fb48                hci_write_cod
 .text.hci_host_buffer_size
                0x8000fc08      0x100 C:/devkitPro/libogc/lib/wii\libbte.a(hci.o)
                0x8000fc08                hci_host_buffer_size
 .text.hci_host_num_comp_packets
                0x8000fd08       0xfc C:/devkitPro/libogc/lib/wii\libbte.a(hci.o)
                0x8000fd08                hci_host_num_comp_packets
 .text.lp_pdu_maxsize
                0x8000fe04        0xc C:/devkitPro/libogc/lib/wii\libbte.a(hci.o)
                0x8000fe04                lp_pdu_maxsize
 .text.lp_acl_write
                0x8000fe10      0x154 C:/devkitPro/libogc/lib/wii\libbte.a(hci.o)
                0x8000fe10                lp_acl_write
 .text.lp_write_flush_timeout
                0x8000ff64       0xf4 C:/devkitPro/libogc/lib/wii\libbte.a(hci.o)
                0x8000ff64                lp_write_flush_timeout
 .text.hci_event_handler
                0x80010058      0xc74 C:/devkitPro/libogc/lib/wii\libbte.a(hci.o)
                0x80010058                hci_event_handler
 .text.hci_acldata_handler
                0x80010ccc      0x110 C:/devkitPro/libogc/lib/wii\libbte.a(hci.o)
                0x80010ccc                hci_acldata_handler
 .text.l2cap_init
                0x80010ddc       0x60 C:/devkitPro/libogc/lib/wii\libbte.a(l2cap.o)
                0x80010ddc                l2cap_init
 .text.l2cap_write
                0x80010e3c      0x1a0 C:/devkitPro/libogc/lib/wii\libbte.a(l2cap.o)
                0x80010e3c                l2cap_write
 .text.l2cap_new
                0x80010fdc       0x60 C:/devkitPro/libogc/lib/wii\libbte.a(l2cap.o)
                0x80010fdc                l2cap_new
 .text.l2cap_close
                0x8001103c      0x1c0 C:/devkitPro/libogc/lib/wii\libbte.a(l2cap.o)
                0x8001103c                l2cap_close
 .text.l2cap_reset_all
                0x800111fc      0x148 C:/devkitPro/libogc/lib/wii\libbte.a(l2cap.o)
                0x800111fc                l2cap_reset_all
 .text.l2cap_signal
                0x80011344      0x204 C:/devkitPro/libogc/lib/wii\libbte.a(l2cap.o)
                0x80011344                l2cap_signal
 .text.l2ca_config_req
                0x80011548      0x13c C:/devkitPro/libogc/lib/wii\libbte.a(l2cap.o)
                0x80011548                l2ca_config_req
 .text.l2ca_disconnect_req
                0x80011684       0xcc C:/devkitPro/libogc/lib/wii\libbte.a(l2cap.o)
                0x80011684                l2ca_disconnect_req
 .text.l2cap_tmr
                0x80011750      0x260 C:/devkitPro/libogc/lib/wii\libbte.a(l2cap.o)
                0x80011750                l2cap_tmr
 .text.l2cap_process_sig
                0x800119b0     0x1318 C:/devkitPro/libogc/lib/wii\libbte.a(l2cap.o)
                0x800119b0                l2cap_process_sig
 .text.l2cap_input
                0x80012cc8      0x5b8 C:/devkitPro/libogc/lib/wii\libbte.a(l2cap.o)
                0x80012cc8                l2cap_input
 .text.l2ca_datawrite
                0x80013280      0x128 C:/devkitPro/libogc/lib/wii\libbte.a(l2cap.o)
                0x80013280                l2ca_datawrite
 .text.lp_connect_cfm
                0x800133a8      0x17c C:/devkitPro/libogc/lib/wii\libbte.a(l2cap.o)
                0x800133a8                lp_connect_cfm
 .text.lp_connect_ind
                0x80013524        0x4 C:/devkitPro/libogc/lib/wii\libbte.a(l2cap.o)
                0x80013524                lp_connect_ind
 .text.lp_disconnect_ind
                0x80013528      0x1b0 C:/devkitPro/libogc/lib/wii\libbte.a(l2cap.o)
                0x80013528                lp_disconnect_ind
 .text.l2cap_disconnect_bb
                0x800136d8       0x10 C:/devkitPro/libogc/lib/wii\libbte.a(l2cap.o)
                0x800136d8                l2cap_disconnect_bb
 .text.l2cap_arg
                0x800136e8        0x8 C:/devkitPro/libogc/lib/wii\libbte.a(l2cap.o)
                0x800136e8                l2cap_arg
 .text.l2cap_connect_ind
                0x800136f0      0x100 C:/devkitPro/libogc/lib/wii\libbte.a(l2cap.o)
                0x800136f0                l2cap_connect_ind
 .text.l2cap_disconnect_ind
                0x800137f0        0x8 C:/devkitPro/libogc/lib/wii\libbte.a(l2cap.o)
                0x800137f0                l2cap_disconnect_ind
 .text.l2cap_recv
                0x800137f8        0x8 C:/devkitPro/libogc/lib/wii\libbte.a(l2cap.o)
                0x800137f8                l2cap_recv
 .text.btmemb_init
                0x80013800       0x24 C:/devkitPro/libogc/lib/wii\libbte.a(btmemb.o)
                0x80013800                btmemb_init
 .text.btmemb_alloc
                0x80013824       0x98 C:/devkitPro/libogc/lib/wii\libbte.a(btmemb.o)
                0x80013824                btmemb_alloc
 .text.btmemb_free
                0x800138bc       0xe0 C:/devkitPro/libogc/lib/wii\libbte.a(btmemb.o)
                0x800138bc                btmemb_free
 .text.plug_holes
                0x8001399c       0xac C:/devkitPro/libogc/lib/wii\libbte.a(btmemr.o)
 .text.btmemr_init
                0x80013a48       0xa4 C:/devkitPro/libogc/lib/wii\libbte.a(btmemr.o)
                0x80013a48                btmemr_init
 .text.btmemr_malloc
                0x80013aec      0x180 C:/devkitPro/libogc/lib/wii\libbte.a(btmemr.o)
                0x80013aec                btmemr_malloc
 .text.btmemr_free
                0x80013c6c       0x98 C:/devkitPro/libogc/lib/wii\libbte.a(btmemr.o)
                0x80013c6c                btmemr_free
 .text.btmemr_realloc
                0x80013d04      0x120 C:/devkitPro/libogc/lib/wii\libbte.a(btmemr.o)
                0x80013d04                btmemr_realloc
 .text.btpbuf_init
                0x80013e24       0x28 C:/devkitPro/libogc/lib/wii\libbte.a(btpbuf.o)
                0x80013e24                btpbuf_init
 .text.btpbuf_free
                0x80013e4c      0x104 C:/devkitPro/libogc/lib/wii\libbte.a(btpbuf.o)
                0x80013e4c                btpbuf_free
 .text.btpbuf_alloc
                0x80013f50      0x270 C:/devkitPro/libogc/lib/wii\libbte.a(btpbuf.o)
                0x80013f50                btpbuf_alloc
 .text.btpbuf_realloc
                0x800141c0      0x120 C:/devkitPro/libogc/lib/wii\libbte.a(btpbuf.o)
                0x800141c0                btpbuf_realloc
 .text.btpbuf_header
                0x800142e0       0x84 C:/devkitPro/libogc/lib/wii\libbte.a(btpbuf.o)
                0x800142e0                btpbuf_header
 .text.btpbuf_ref
                0x80014364       0x48 C:/devkitPro/libogc/lib/wii\libbte.a(btpbuf.o)
                0x80014364                btpbuf_ref
 .text.btpbuf_chain
                0x800143ac       0x9c C:/devkitPro/libogc/lib/wii\libbte.a(btpbuf.o)
                0x800143ac                btpbuf_chain
 .text.btpbuf_dechain
                0x80014448       0x7c C:/devkitPro/libogc/lib/wii\libbte.a(btpbuf.o)
                0x80014448                btpbuf_dechain
 .text.btpbuf_take
                0x800144c4      0x13c C:/devkitPro/libogc/lib/wii\libbte.a(btpbuf.o)
                0x800144c4                btpbuf_take
 .text.__usb_closeCB
                0x80014600       0x10 C:/devkitPro/libogc/lib/wii\libbte.a(physbusif.o)
 .text.__writebulkmsgCB
                0x80014610       0x3c C:/devkitPro/libogc/lib/wii\libbte.a(physbusif.o)
 .text.__writectrlmsgCB
                0x8001464c       0x3c C:/devkitPro/libogc/lib/wii\libbte.a(physbusif.o)
 .text.__issue_intrread.part.0
                0x80014688       0x80 C:/devkitPro/libogc/lib/wii\libbte.a(physbusif.o)
 .text.__readintrdataCB
                0x80014708      0x150 C:/devkitPro/libogc/lib/wii\libbte.a(physbusif.o)
 .text.__issue_bulkread.part.0
                0x80014858       0x80 C:/devkitPro/libogc/lib/wii\libbte.a(physbusif.o)
 .text.__readbulkdataCB
                0x800148d8      0x150 C:/devkitPro/libogc/lib/wii\libbte.a(physbusif.o)
 .text.physbusif_init
                0x80014a28      0x1ec C:/devkitPro/libogc/lib/wii\libbte.a(physbusif.o)
                0x80014a28                physbusif_init
 .text.physbusif_close
                0x80014c14       0x20 C:/devkitPro/libogc/lib/wii\libbte.a(physbusif.o)
                0x80014c14                physbusif_close
 .text.physbusif_shutdown
                0x80014c34       0x24 C:/devkitPro/libogc/lib/wii\libbte.a(physbusif.o)
                0x80014c34                physbusif_shutdown
 .text.physbusif_reset_all
                0x80014c58        0x4 C:/devkitPro/libogc/lib/wii\libbte.a(physbusif.o)
                0x80014c58                physbusif_reset_all
 .text.physbusif_output
                0x80014c5c      0x1f4 C:/devkitPro/libogc/lib/wii\libbte.a(physbusif.o)
                0x80014c5c                physbusif_output
 .text.__lwp_queue_initialize
                0x80014e50       0x98 C:/devkitPro/libogc/lib/wii\libogc.a(lwp_queue.o)
                0x80014e50                __lwp_queue_initialize
 .text.__lwp_queue_get
                0x80014ee8       0x74 C:/devkitPro/libogc/lib/wii\libogc.a(lwp_queue.o)
                0x80014ee8                __lwp_queue_get
 .text.__lwp_queue_append
                0x80014f5c       0x4c C:/devkitPro/libogc/lib/wii\libogc.a(lwp_queue.o)
                0x80014f5c                __lwp_queue_append
 .text.__syscall_getreent
                0x80014fa8       0x24 C:/devkitPro/libogc/lib/wii\libogc.a(lwp_threads.o)
                0x80014fa8                __syscall_getreent
 .text.__lwp_isr_in_progress
                0x80014fcc        0x8 C:/devkitPro/libogc/lib/wii\libogc.a(lwp_threads.o)
                0x80014fcc                __lwp_isr_in_progress
 .text.__thread_dispatch_fp
                0x80014fd4       0x88 C:/devkitPro/libogc/lib/wii\libogc.a(lwp_threads.o)
                0x80014fd4                __thread_dispatch_fp
 .text.__thread_dispatch
                0x8001505c       0xf4 C:/devkitPro/libogc/lib/wii\libogc.a(lwp_threads.o)
                0x8001505c                __thread_dispatch
 .text.__lwp_thread_resettimeslice
                0x80015150       0xb4 C:/devkitPro/libogc/lib/wii\libogc.a(lwp_threads.o)
                0x80015150                __lwp_thread_resettimeslice
 .text.__lwp_thread_tickle_timeslice
                0x80015204       0xc8 C:/devkitPro/libogc/lib/wii\libogc.a(lwp_threads.o)
                0x80015204                __lwp_thread_tickle_timeslice
 .text.__lwp_thread_setstate
                0x800152cc      0x16c C:/devkitPro/libogc/lib/wii\libogc.a(lwp_threads.o)
                0x800152cc                __lwp_thread_setstate
 .text.__lwp_thread_clearstate
                0x80015438       0xe4 C:/devkitPro/libogc/lib/wii\libogc.a(lwp_threads.o)
                0x80015438                __lwp_thread_clearstate
 .text.__lwp_thread_delayended
                0x8001551c       0x48 C:/devkitPro/libogc/lib/wii\libogc.a(lwp_threads.o)
                0x8001551c                __lwp_thread_delayended
 .text.__lwp_thread_suspend
                0x80015564      0x17c C:/devkitPro/libogc/lib/wii\libogc.a(lwp_threads.o)
                0x80015564                __lwp_thread_suspend
 .text.__lwp_thread_settransient
                0x800156e0       0xb4 C:/devkitPro/libogc/lib/wii\libogc.a(lwp_threads.o)
                0x800156e0                __lwp_thread_settransient
 .text.__lwp_thread_changepriority
                0x80015794      0x1f8 C:/devkitPro/libogc/lib/wii\libogc.a(lwp_threads.o)
                0x80015794                __lwp_thread_changepriority
 .text.__lwp_thread_resume
                0x8001598c      0x12c C:/devkitPro/libogc/lib/wii\libogc.a(lwp_threads.o)
                0x8001598c                __lwp_thread_resume
 .text.__lwp_thread_ready
                0x80015ab8       0xf0 C:/devkitPro/libogc/lib/wii\libogc.a(lwp_threads.o)
                0x80015ab8                __lwp_thread_ready
 .text.__lwp_thread_init
                0x80015ba8      0x160 C:/devkitPro/libogc/lib/wii\libogc.a(lwp_threads.o)
                0x80015ba8                __lwp_thread_init
 .text.__lwp_thread_close
                0x80015d08      0x144 C:/devkitPro/libogc/lib/wii\libogc.a(lwp_threads.o)
                0x80015d08                __lwp_thread_close
 .text.__lwp_thread_handler
                0x80015e4c       0xc0 C:/devkitPro/libogc/lib/wii\libogc.a(lwp_threads.o)
 .text.__lwp_thread_closeall
                0x80015f0c       0xb4 C:/devkitPro/libogc/lib/wii\libogc.a(lwp_threads.o)
                0x80015f0c                __lwp_thread_closeall
 .text.__lwp_thread_start
                0x80015fc0      0x13c C:/devkitPro/libogc/lib/wii\libogc.a(lwp_threads.o)
                0x80015fc0                __lwp_thread_start
 .text.__lwp_thread_startmultitasking
                0x800160fc       0xac C:/devkitPro/libogc/lib/wii\libogc.a(lwp_threads.o)
                0x800160fc                __lwp_thread_startmultitasking
 .text.__lwp_thread_stopmultitasking
                0x800161a8       0x58 C:/devkitPro/libogc/lib/wii\libogc.a(lwp_threads.o)
                0x800161a8                __lwp_thread_stopmultitasking
 .text.__lwp_thread_coreinit
                0x80016200       0xc8 C:/devkitPro/libogc/lib/wii\libogc.a(lwp_threads.o)
                0x80016200                __lwp_thread_coreinit
 .text.idle_func
                0x800162c8        0x4 C:/devkitPro/libogc/lib/wii\libogc.a(lwp.o)
 .text.__lwp_sysinit
                0x800162cc      0x114 C:/devkitPro/libogc/lib/wii\libogc.a(lwp.o)
                0x800162cc                __lwp_sysinit
 .text.LWP_SuspendThread
                0x800163e0       0xc8 C:/devkitPro/libogc/lib/wii\libogc.a(lwp.o)
                0x800163e0                LWP_SuspendThread
 .text.LWP_ResumeThread
                0x800164a8       0xcc C:/devkitPro/libogc/lib/wii\libogc.a(lwp.o)
                0x800164a8                LWP_ResumeThread
 .text.LWP_GetSelf
                0x80016574       0x28 C:/devkitPro/libogc/lib/wii\libogc.a(lwp.o)
                0x80016574                LWP_GetSelf
 .text.LWP_InitQueue
                0x8001659c      0x148 C:/devkitPro/libogc/lib/wii\libogc.a(lwp.o)
                0x8001659c                LWP_InitQueue
 .text.LWP_CloseQueue
                0x800166e4       0xd4 C:/devkitPro/libogc/lib/wii\libogc.a(lwp.o)
                0x800166e4                LWP_CloseQueue
 .text.LWP_ThreadSleep
                0x800167b8       0xf4 C:/devkitPro/libogc/lib/wii\libogc.a(lwp.o)
                0x800167b8                LWP_ThreadSleep
 .text.LWP_ThreadBroadcast
                0x800168ac       0x88 C:/devkitPro/libogc/lib/wii\libogc.a(lwp.o)
                0x800168ac                LWP_ThreadBroadcast
 .text.LWP_ThreadSignal
                0x80016934       0x74 C:/devkitPro/libogc/lib/wii\libogc.a(lwp.o)
                0x80016934                LWP_ThreadSignal
 .text.__lwp_stack_allocate
                0x800169a8       0x60 C:/devkitPro/libogc/lib/wii\libogc.a(lwp_stack.o)
                0x800169a8                __lwp_stack_allocate
 .text.__lwp_stack_free
                0x80016a08       0x1c C:/devkitPro/libogc/lib/wii\libogc.a(lwp_stack.o)
                0x80016a08                __lwp_stack_free
 .text.__lwp_wd_settimer
                0x80016a24       0xdc C:/devkitPro/libogc/lib/wii\libogc.a(lwp_watchdog.o)
 .text.__lwp_watchdog_init
                0x80016b00       0x2c C:/devkitPro/libogc/lib/wii\libogc.a(lwp_watchdog.o)
                0x80016b00                __lwp_watchdog_init
 .text.__lwp_wd_insert
                0x80016b2c      0x19c C:/devkitPro/libogc/lib/wii\libogc.a(lwp_watchdog.o)
                0x80016b2c                __lwp_wd_insert
 .text.__lwp_wd_remove
                0x80016cc8      0x134 C:/devkitPro/libogc/lib/wii\libogc.a(lwp_watchdog.o)
                0x80016cc8                __lwp_wd_remove
 .text.__lwp_wd_tickle
                0x80016dfc      0x120 C:/devkitPro/libogc/lib/wii\libogc.a(lwp_watchdog.o)
                0x80016dfc                __lwp_wd_tickle
 .text.__lwp_wkspace_init
                0x80016f1c       0xc0 C:/devkitPro/libogc/lib/wii\libogc.a(lwp_wkspace.o)
                0x80016f1c                __lwp_wkspace_init
 .text.__lwp_objmgr_initinfo
                0x80016fdc      0x1a0 C:/devkitPro/libogc/lib/wii\libogc.a(lwp_objmgr.o)
                0x80016fdc                __lwp_objmgr_initinfo
 .text.__lwp_objmgr_getisrdisable
                0x8001717c       0x60 C:/devkitPro/libogc/lib/wii\libogc.a(lwp_objmgr.o)
                0x8001717c                __lwp_objmgr_getisrdisable
 .text.__lwp_objmgr_getnoprotection
                0x800171dc       0x24 C:/devkitPro/libogc/lib/wii\libogc.a(lwp_objmgr.o)
                0x800171dc                __lwp_objmgr_getnoprotection
 .text.__lwp_objmgr_get
                0x80017200       0x6c C:/devkitPro/libogc/lib/wii\libogc.a(lwp_objmgr.o)
                0x80017200                __lwp_objmgr_get
 .text.__lwp_objmgr_allocate
                0x8001726c       0x88 C:/devkitPro/libogc/lib/wii\libogc.a(lwp_objmgr.o)
                0x8001726c                __lwp_objmgr_allocate
 .text.__lwp_objmgr_free
                0x800172f4       0x60 C:/devkitPro/libogc/lib/wii\libogc.a(lwp_objmgr.o)
                0x800172f4                __lwp_objmgr_free
 .text.__lwp_heap_init
                0x80017354       0xa4 C:/devkitPro/libogc/lib/wii\libogc.a(lwp_heap.o)
                0x80017354                __lwp_heap_init
 .text.__lwp_heap_allocate
                0x800173f8      0x168 C:/devkitPro/libogc/lib/wii\libogc.a(lwp_heap.o)
                0x800173f8                __lwp_heap_allocate
 .text.__lwp_heap_free
                0x80017560      0x188 C:/devkitPro/libogc/lib/wii\libogc.a(lwp_heap.o)
                0x80017560                __lwp_heap_free
 .text.__SetInterrupts
                0x800176e8      0x268 C:/devkitPro/libogc/lib/wii\libogc.a(irq.o)
 .text.c_irqdispatcher
                0x80017950      0x26c C:/devkitPro/libogc/lib/wii\libogc.a(irq.o)
                0x80017950                c_irqdispatcher
 .text.__UnmaskIrq
                0x80017bbc       0x84 C:/devkitPro/libogc/lib/wii\libogc.a(irq.o)
                0x80017bbc                __UnmaskIrq
 .text.__MaskIrq
                0x80017c40       0x84 C:/devkitPro/libogc/lib/wii\libogc.a(irq.o)
                0x80017c40                __MaskIrq
 .text.__irq_init
                0x80017cc4       0x84 C:/devkitPro/libogc/lib/wii\libogc.a(irq.o)
                0x80017cc4                __irq_init
 .text.IRQ_Request
                0x80017d48       0x50 C:/devkitPro/libogc/lib/wii\libogc.a(irq.o)
                0x80017d48                IRQ_Request
 .text.IRQ_GetHandler
                0x80017d98       0x44 C:/devkitPro/libogc/lib/wii\libogc.a(irq.o)
                0x80017d98                IRQ_GetHandler
 .text.IRQ_Disable
                0x80017ddc       0x1c C:/devkitPro/libogc/lib/wii\libogc.a(irq.o)
                0x80017ddc                IRQ_Disable
 .text.IRQ_Restore
                0x80017df8       0x1c C:/devkitPro/libogc/lib/wii\libogc.a(irq.o)
                0x80017df8                IRQ_Restore
 .text.__VISendI2CData.constprop.0.isra.0
                0x80017e14      0x418 C:/devkitPro/libogc/lib/wii\libogc.a(video.o)
 .text.__setFbbRegs.constprop.0
                0x8001822c      0x190 C:/devkitPro/libogc/lib/wii\libogc.a(video.o)
 .text.__VISetGamma
                0x800183bc       0x58 C:/devkitPro/libogc/lib/wii\libogc.a(video.o)
 .text.__VISetOutputMode
                0x80018414      0x134 C:/devkitPro/libogc/lib/wii\libogc.a(video.o)
 .text.__VISetMacroVision
                0x80018548       0xb4 C:/devkitPro/libogc/lib/wii\libogc.a(video.o)
 .text.__VIClearFramebuffer
                0x800185fc       0x48 C:/devkitPro/libogc/lib/wii\libogc.a(video.o)
                0x800185fc                __VIClearFramebuffer
 .text.VIDEO_WaitVSync
                0x80018644       0x74 C:/devkitPro/libogc/lib/wii\libogc.a(video.o)
                0x80018644                VIDEO_WaitVSync
 .text.VIDEO_SetFramebuffer
                0x800186b8       0xd0 C:/devkitPro/libogc/lib/wii\libogc.a(video.o)
                0x800186b8                VIDEO_SetFramebuffer
 .text.VIDEO_SetNextFramebuffer
                0x80018788       0x70 C:/devkitPro/libogc/lib/wii\libogc.a(video.o)
                0x80018788                VIDEO_SetNextFramebuffer
 .text.VIDEO_Flush
                0x800187f8       0xf4 C:/devkitPro/libogc/lib/wii\libogc.a(video.o)
                0x800187f8                VIDEO_Flush
 .text.VIDEO_SetBlack
                0x800188ec      0x15c C:/devkitPro/libogc/lib/wii\libogc.a(video.o)
                0x800188ec                VIDEO_SetBlack
 .text.VIDEO_GetCurrentTvMode
                0x80018a48       0x78 C:/devkitPro/libogc/lib/wii\libogc.a(video.o)
                0x80018a48                VIDEO_GetCurrentTvMode
 .text.__VIRetraceHandler
                0x80018ac0      0x250 C:/devkitPro/libogc/lib/wii\libogc.a(video.o)
 .text.__VISetupEncoder.part.0.isra.0
                0x80018d10      0x29c C:/devkitPro/libogc/lib/wii\libogc.a(video.o)
 .text.VIDEO_Configure
                0x80018fac      0x62c C:/devkitPro/libogc/lib/wii\libogc.a(video.o)
                0x80018fac                VIDEO_Configure
 .text.VIDEO_Init
                0x800195d8      0x3ec C:/devkitPro/libogc/lib/wii\libogc.a(video.o)
                0x800195d8                VIDEO_Init
 .text.VIDEO_GetPreferredMode
                0x800199c4      0x108 C:/devkitPro/libogc/lib/wii\libogc.a(video.o)
                0x800199c4                VIDEO_GetPreferredMode
 .text.VIDEO_GetCurrentLine
                0x80019acc       0xa0 C:/devkitPro/libogc/lib/wii\libogc.a(video.o)
                0x80019acc                VIDEO_GetCurrentLine
 .text.VIDEO_GetFrameBufferSize
                0x80019b6c       0x34 C:/devkitPro/libogc/lib/wii\libogc.a(video.o)
                0x80019b6c                VIDEO_GetFrameBufferSize
 .text.__call_resetfuncs
                0x80019ba0       0xbc C:/devkitPro/libogc/lib/wii\libogc.a(system.o)
 .text.__MEMInterruptHandler
                0x80019c5c       0x14 C:/devkitPro/libogc/lib/wii\libogc.a(system.o)
 .text.__RSWDefaultHandler
                0x80019c70        0x4 C:/devkitPro/libogc/lib/wii\libogc.a(system.o)
 .text.__POWDefaultHandler
                0x80019c74        0x4 C:/devkitPro/libogc/lib/wii\libogc.a(system.o)
 .text.__STMEventHandler
                0x80019c78       0xf4 C:/devkitPro/libogc/lib/wii\libogc.a(system.o)
 .text.__getrtc
                0x80019d6c      0x14c C:/devkitPro/libogc/lib/wii\libogc.a(system.o)
 .text.__sram_write
                0x80019eb8      0x144 C:/devkitPro/libogc/lib/wii\libogc.a(system.o)
 .text.__sram_writecallback
                0x80019ffc       0x54 C:/devkitPro/libogc/lib/wii\libogc.a(system.o)
 .text.__mem_onreset
                0x8001a050       0x48 C:/devkitPro/libogc/lib/wii\libogc.a(system.o)
 .text.__unlocksram
                0x8001a098      0x130 C:/devkitPro/libogc/lib/wii\libogc.a(system.o)
 .text.__sys_alarmhandler
                0x8001a1c8      0x14c C:/devkitPro/libogc/lib/wii\libogc.a(system.o)
 .text.__syscall_malloc_lock
                0x8001a314        0x4 C:/devkitPro/libogc/lib/wii\libogc.a(system.o)
                0x8001a314                __syscall_malloc_lock
 .text.__syscall_malloc_unlock
                0x8001a318        0x4 C:/devkitPro/libogc/lib/wii\libogc.a(system.o)
                0x8001a318                __syscall_malloc_unlock
 .text.__syscall_nanosleep
                0x8001a31c        0x4 C:/devkitPro/libogc/lib/wii\libogc.a(system.o)
                0x8001a31c                __syscall_nanosleep
 .text.__SYS_GetRTC
                0x8001a320       0x98 C:/devkitPro/libogc/lib/wii\libogc.a(system.o)
                0x8001a320                __SYS_GetRTC
 .text.__SYS_SetBootTime
                0x8001a3b8       0xf4 C:/devkitPro/libogc/lib/wii\libogc.a(system.o)
                0x8001a3b8                __SYS_SetBootTime
 .text.__SYS_GetIPCBufferLo
                0x8001a4ac        0x8 C:/devkitPro/libogc/lib/wii\libogc.a(system.o)
                0x8001a4ac                __SYS_GetIPCBufferLo
 .text.__SYS_GetIPCBufferHi
                0x8001a4b4        0x8 C:/devkitPro/libogc/lib/wii\libogc.a(system.o)
                0x8001a4b4                __SYS_GetIPCBufferHi
 .text.__SYS_DoPowerCB
                0x8001a4bc       0x74 C:/devkitPro/libogc/lib/wii\libogc.a(system.o)
                0x8001a4bc                __SYS_DoPowerCB
 .text.__SYS_PreInit
                0x8001a530        0x4 C:/devkitPro/libogc/lib/wii\libogc.a(system.o)
                0x8001a530                __SYS_PreInit
 .text.SYS_PreMain
                0x8001a534       0x7c C:/devkitPro/libogc/lib/wii\libogc.a(system.o)
                0x8001a534                SYS_PreMain
 .text.SYS_ResetButtonDown
                0x8001a5b0       0x18 C:/devkitPro/libogc/lib/wii\libogc.a(system.o)
                0x8001a5b0                SYS_ResetButtonDown
 .text.SYS_ResetSystem
                0x8001a5c8      0x1f8 C:/devkitPro/libogc/lib/wii\libogc.a(system.o)
                0x8001a5c8                SYS_ResetSystem
 .text.__reload
                0x8001a7c0       0x7c C:/devkitPro/libogc/lib/wii\libogc.a(system.o)
                0x8001a7c0                __reload
 .text.__syscall_exit
                0x8001a83c       0x84 C:/devkitPro/libogc/lib/wii\libogc.a(system.o)
                0x8001a83c                __syscall_exit
 .text.SYS_RegisterResetFunc
                0x8001a8c0       0x78 C:/devkitPro/libogc/lib/wii\libogc.a(system.o)
                0x8001a8c0                SYS_RegisterResetFunc
 .text.SYS_SetArena1Lo
                0x8001a938       0x38 C:/devkitPro/libogc/lib/wii\libogc.a(system.o)
                0x8001a938                SYS_SetArena1Lo
 .text.SYS_GetArena1Lo
                0x8001a970       0x38 C:/devkitPro/libogc/lib/wii\libogc.a(system.o)
                0x8001a970                SYS_GetArena1Lo
 .text.SYS_GetArena1Hi
                0x8001a9a8       0x38 C:/devkitPro/libogc/lib/wii\libogc.a(system.o)
                0x8001a9a8                SYS_GetArena1Hi
 .text.SYS_SetArena2Lo
                0x8001a9e0       0x38 C:/devkitPro/libogc/lib/wii\libogc.a(system.o)
                0x8001a9e0                SYS_SetArena2Lo
 .text.SYS_GetArena2Lo
                0x8001aa18       0x38 C:/devkitPro/libogc/lib/wii\libogc.a(system.o)
                0x8001aa18                SYS_GetArena2Lo
 .text.SYS_SetArena2Hi
                0x8001aa50       0x38 C:/devkitPro/libogc/lib/wii\libogc.a(system.o)
                0x8001aa50                SYS_SetArena2Hi
 .text.SYS_GetArena2Hi
                0x8001aa88       0x38 C:/devkitPro/libogc/lib/wii\libogc.a(system.o)
                0x8001aa88                SYS_GetArena2Hi
 .text.SYS_AllocateFramebuffer
                0x8001aac0       0x28 C:/devkitPro/libogc/lib/wii\libogc.a(system.o)
                0x8001aac0                SYS_AllocateFramebuffer
 .text.SYS_CreateAlarm
                0x8001aae8      0x104 C:/devkitPro/libogc/lib/wii\libogc.a(system.o)
                0x8001aae8                SYS_CreateAlarm
 .text.SYS_SetAlarm
                0x8001abec      0x1e0 C:/devkitPro/libogc/lib/wii\libogc.a(system.o)
                0x8001abec                SYS_SetAlarm
 .text.SYS_SetPeriodicAlarm
                0x8001adcc      0x258 C:/devkitPro/libogc/lib/wii\libogc.a(system.o)
                0x8001adcc                SYS_SetPeriodicAlarm
 .text.SYS_RemoveAlarm
                0x8001b024      0x10c C:/devkitPro/libogc/lib/wii\libogc.a(system.o)
                0x8001b024                SYS_RemoveAlarm
 .text.SYS_CancelAlarm
                0x8001b130       0xbc C:/devkitPro/libogc/lib/wii\libogc.a(system.o)
                0x8001b130                SYS_CancelAlarm
 .text.SYS_GetWirelessID
                0x8001b1ec       0x90 C:/devkitPro/libogc/lib/wii\libogc.a(system.o)
                0x8001b1ec                SYS_GetWirelessID
 .text.SYS_SetWirelessID
                0x8001b27c       0x90 C:/devkitPro/libogc/lib/wii\libogc.a(system.o)
                0x8001b27c                SYS_SetWirelessID
 .text.SYS_SetGBSMode
                0x8001b30c       0xa8 C:/devkitPro/libogc/lib/wii\libogc.a(system.o)
                0x8001b30c                SYS_SetGBSMode
 .text.__sram_init
                0x8001b3b4      0x1c4 C:/devkitPro/libogc/lib/wii\libogc.a(system.o)
                0x8001b3b4                __sram_init
 .text.SYS_Init
                0x8001b578      0x5b0 C:/devkitPro/libogc/lib/wii\libogc.a(system.o)
                0x8001b578                SYS_Init
 .text.SYS_GetHollywoodRevision
                0x8001bb28       0x3c C:/devkitPro/libogc/lib/wii\libogc.a(system.o)
                0x8001bb28                SYS_GetHollywoodRevision
 .text.SYS_Time
                0x8001bb64       0x78 C:/devkitPro/libogc/lib/wii\libogc.a(system.o)
                0x8001bb64                SYS_Time
 .text.__lwp_cond_init
                0x8001bbdc       0x14 C:/devkitPro/libogc/lib/wii\libogc.a(cond.o)
                0x8001bbdc                __lwp_cond_init
 .text.__GX_InitRevBits
                0x8001bbf0       0x9c C:/devkitPro/libogc/lib/wii\libogc.a(gx.o)
 .text.__GXTokenInterruptHandler
                0x8001bc8c       0x6c C:/devkitPro/libogc/lib/wii\libogc.a(gx.o)
 .text.__GXDefTexRegionCallback
                0x8001bcf8       0x7c C:/devkitPro/libogc/lib/wii\libogc.a(gx.o)
 .text.__GXDefTlutRegionCallback
                0x8001bd74       0x18 C:/devkitPro/libogc/lib/wii\libogc.a(gx.o)
 .text.__SetSURegs
                0x8001bd8c       0x90 C:/devkitPro/libogc/lib/wii\libogc.a(gx.o)
 .text.__SETVCDATTR
                0x8001be1c      0x230 C:/devkitPro/libogc/lib/wii\libogc.a(gx.o)
 .text.__SETVCDFMT
                0x8001c04c      0x4cc C:/devkitPro/libogc/lib/wii\libogc.a(gx.o)
 .text.__GXCPInterruptHandler
                0x8001c518      0x160 C:/devkitPro/libogc/lib/wii\libogc.a(gx.o)
 .text.__GXFinishInterruptHandler
                0x8001c678       0x58 C:/devkitPro/libogc/lib/wii\libogc.a(gx.o)
 .text.__GX_SetDirtyState
                0x8001c6d0      0x61c C:/devkitPro/libogc/lib/wii\libogc.a(gx.o)
 .text.GX_SetCPUFifo
                0x8001ccec      0x20c C:/devkitPro/libogc/lib/wii\libogc.a(gx.o)
                0x8001ccec                GX_SetCPUFifo
 .text.GX_SetGPFifo
                0x8001cef8      0x250 C:/devkitPro/libogc/lib/wii\libogc.a(gx.o)
                0x8001cef8                GX_SetGPFifo
 .text.GX_AbortFrame
                0x8001d148      0x374 C:/devkitPro/libogc/lib/wii\libogc.a(gx.o)
                0x8001d148                GX_AbortFrame
 .text.__gx_onreset
                0x8001d4bc       0x7c C:/devkitPro/libogc/lib/wii\libogc.a(gx.o)
 .text.GX_DrawDone
                0x8001d538       0xfc C:/devkitPro/libogc/lib/wii\libogc.a(gx.o)
                0x8001d538                GX_DrawDone
 .text.GX_LoadProjectionMtx
                0x8001d634       0xf0 C:/devkitPro/libogc/lib/wii\libogc.a(gx.o)
                0x8001d634                GX_LoadProjectionMtx
 .text.GX_SetCopyClear
                0x8001d724       0x4c C:/devkitPro/libogc/lib/wii\libogc.a(gx.o)
                0x8001d724                GX_SetCopyClear
 .text.GX_SetCopyFilter
                0x8001d770      0x25c C:/devkitPro/libogc/lib/wii\libogc.a(gx.o)
                0x8001d770                GX_SetCopyFilter
 .text.GX_SetDispCopyYScale
                0x8001d9cc       0xf8 C:/devkitPro/libogc/lib/wii\libogc.a(gx.o)
                0x8001d9cc                GX_SetDispCopyYScale
 .text.GX_CopyDisp
                0x8001dac4      0x124 C:/devkitPro/libogc/lib/wii\libogc.a(gx.o)
                0x8001dac4                GX_CopyDisp
 .text.GX_SetVtxDesc
                0x8001dbe8       0x34 C:/devkitPro/libogc/lib/wii\libogc.a(gx.o)
                0x8001dbe8                GX_SetVtxDesc
 .text.GX_SetVtxAttrFmt
                0x8001dc1c       0x54 C:/devkitPro/libogc/lib/wii\libogc.a(gx.o)
                0x8001dc1c                GX_SetVtxAttrFmt
 .text.GX_Begin
                0x8001dc70       0x6c C:/devkitPro/libogc/lib/wii\libogc.a(gx.o)
                0x8001dc70                GX_Begin
 .text.GX_InvalidateTexAll
                0x8001dcdc       0x50 C:/devkitPro/libogc/lib/wii\libogc.a(gx.o)
                0x8001dcdc                GX_InvalidateTexAll
 .text.GX_SetBlendMode
                0x8001dd2c       0xd4 C:/devkitPro/libogc/lib/wii\libogc.a(gx.o)
                0x8001dd2c                GX_SetBlendMode
 .text.GX_SetTevColorIn
                0x8001de00       0x44 C:/devkitPro/libogc/lib/wii\libogc.a(gx.o)
                0x8001de00                GX_SetTevColorIn
 .text.GX_SetTevAlphaIn
                0x8001de44       0x44 C:/devkitPro/libogc/lib/wii\libogc.a(gx.o)
                0x8001de44                GX_SetTevAlphaIn
 .text.GX_SetTevColorOp
                0x8001de88       0x98 C:/devkitPro/libogc/lib/wii\libogc.a(gx.o)
                0x8001de88                GX_SetTevColorOp
 .text.GX_SetTevAlphaOp
                0x8001df20       0x98 C:/devkitPro/libogc/lib/wii\libogc.a(gx.o)
                0x8001df20                GX_SetTevAlphaOp
 .text.GX_SetTevOp
                0x8001dfb8      0x170 C:/devkitPro/libogc/lib/wii\libogc.a(gx.o)
                0x8001dfb8                GX_SetTevOp
 .text.GX_SetScissor
                0x8001e128       0x78 C:/devkitPro/libogc/lib/wii\libogc.a(gx.o)
                0x8001e128                GX_SetScissor
 .text.GX_SetTevOrder
                0x8001e1a0      0x178 C:/devkitPro/libogc/lib/wii\libogc.a(gx.o)
                0x8001e1a0                GX_SetTevOrder
 .text.GX_SetTevKColorSel
                0x8001e318       0x54 C:/devkitPro/libogc/lib/wii\libogc.a(gx.o)
                0x8001e318                GX_SetTevKColorSel
 .text.GX_SetTevKAlphaSel
                0x8001e36c       0x54 C:/devkitPro/libogc/lib/wii\libogc.a(gx.o)
                0x8001e36c                GX_SetTevKAlphaSel
 .text.GX_SetTevSwapModeTable
                0x8001e3c0       0x64 C:/devkitPro/libogc/lib/wii\libogc.a(gx.o)
                0x8001e3c0                GX_SetTevSwapModeTable
 .text.GX_SetFog
                0x8001e424      0x244 C:/devkitPro/libogc/lib/wii\libogc.a(gx.o)
                0x8001e424                GX_SetFog
 .text.GX_SetPixelFmt
                0x8001e668       0xe0 C:/devkitPro/libogc/lib/wii\libogc.a(gx.o)
                0x8001e668                GX_SetPixelFmt
 .text.GX_SetFieldMode
                0x8001e748       0x58 C:/devkitPro/libogc/lib/wii\libogc.a(gx.o)
                0x8001e748                GX_SetFieldMode
 .text.GX_SetGPMetric
                0x8001e7a0      0x7fc C:/devkitPro/libogc/lib/wii\libogc.a(gx.o)
                0x8001e7a0                GX_SetGPMetric
 .text.GX_Init  0x8001ef9c     0x1160 C:/devkitPro/libogc/lib/wii\libogc.a(gx.o)
                0x8001ef9c                GX_Init
 .text.guOrtho  0x800200fc       0x98 C:/devkitPro/libogc/lib/wii\libogc.a(gu.o)
                0x800200fc                guOrtho
 .text.__decrementer_init
                0x80020194        0x4 C:/devkitPro/libogc/lib/wii\libogc.a(decrementer.o)
                0x80020194                __decrementer_init
 .text.c_decrementer_handler
                0x80020198        0xc C:/devkitPro/libogc/lib/wii\libogc.a(decrementer.o)
                0x80020198                c_decrementer_handler
 .text.__lwp_mqbox_init
                0x800201a4       0x14 C:/devkitPro/libogc/lib/wii\libogc.a(message.o)
                0x800201a4                __lwp_mqbox_init
 .text.__si_transfer
                0x800201b8      0x1d0 C:/devkitPro/libogc/lib/wii\libogc.a(si.o)
 .text.__si_alarmhandler
                0x80020388       0xa0 C:/devkitPro/libogc/lib/wii\libogc.a(si.o)
 .text.__si_completetransfer
                0x80020428      0x1fc C:/devkitPro/libogc/lib/wii\libogc.a(si.o)
 .text.__si_transfernext
                0x80020624       0xd8 C:/devkitPro/libogc/lib/wii\libogc.a(si.o)
 .text.SI_Busy  0x800206fc       0x18 C:/devkitPro/libogc/lib/wii\libogc.a(si.o)
                0x800206fc                SI_Busy
 .text.SI_IsChanBusy
                0x80020714       0x38 C:/devkitPro/libogc/lib/wii\libogc.a(si.o)
                0x80020714                SI_IsChanBusy
 .text.SI_SetXY
                0x8002074c       0x64 C:/devkitPro/libogc/lib/wii\libogc.a(si.o)
                0x8002074c                SI_SetXY
 .text.SI_EnablePolling
                0x800207b0       0x78 C:/devkitPro/libogc/lib/wii\libogc.a(si.o)
                0x800207b0                SI_EnablePolling
 .text.SI_DisablePolling
                0x80020828       0x58 C:/devkitPro/libogc/lib/wii\libogc.a(si.o)
                0x80020828                SI_DisablePolling
 .text.SI_SetSamplingRate
                0x80020880       0xd8 C:/devkitPro/libogc/lib/wii\libogc.a(si.o)
                0x80020880                SI_SetSamplingRate
 .text.SI_RefreshSamplingRate
                0x80020958        0x8 C:/devkitPro/libogc/lib/wii\libogc.a(si.o)
                0x80020958                SI_RefreshSamplingRate
 .text.SI_GetStatus
                0x80020960       0x78 C:/devkitPro/libogc/lib/wii\libogc.a(si.o)
                0x80020960                SI_GetStatus
 .text.SI_GetResponseRaw
                0x800209d8       0xe8 C:/devkitPro/libogc/lib/wii\libogc.a(si.o)
                0x800209d8                SI_GetResponseRaw
 .text.SI_GetResponse
                0x80020ac0       0xb8 C:/devkitPro/libogc/lib/wii\libogc.a(si.o)
                0x80020ac0                SI_GetResponse
 .text.SI_SetCommand
                0x80020b78       0x10 C:/devkitPro/libogc/lib/wii\libogc.a(si.o)
                0x80020b78                SI_SetCommand
 .text.SI_Transfer
                0x80020b88      0x29c C:/devkitPro/libogc/lib/wii\libogc.a(si.o)
                0x80020b88                SI_Transfer
 .text.__si_gettypecallback
                0x80020e24      0x2b8 C:/devkitPro/libogc/lib/wii\libogc.a(si.o)
 .text.__si_interrupthandler
                0x800210dc      0x278 C:/devkitPro/libogc/lib/wii\libogc.a(si.o)
 .text.SI_GetType
                0x80021354      0x214 C:/devkitPro/libogc/lib/wii\libogc.a(si.o)
                0x80021354                SI_GetType
 .text.SI_GetTypeAsync
                0x80021568      0x13c C:/devkitPro/libogc/lib/wii\libogc.a(si.o)
                0x80021568                SI_GetTypeAsync
 .text.SI_EnablePollingInterrupt
                0x800216a4       0x8c C:/devkitPro/libogc/lib/wii\libogc.a(si.o)
                0x800216a4                SI_EnablePollingInterrupt
 .text.SI_UnregisterPollingHandler
                0x80021730       0xf4 C:/devkitPro/libogc/lib/wii\libogc.a(si.o)
                0x80021730                SI_UnregisterPollingHandler
 .text.__si_init
                0x80021824       0xe0 C:/devkitPro/libogc/lib/wii\libogc.a(si.o)
                0x80021824                __si_init
 .text.__ipc_sendrequest.part.0
                0x80021904       0xd8 C:/devkitPro/libogc/lib/wii\libogc.a(ipc.o)
 .text.__ipc_syncrequest
                0x800219dc       0xf4 C:/devkitPro/libogc/lib/wii\libogc.a(ipc.o)
 .text.__ioctlvfmtCB
                0x80021ad0      0x158 C:/devkitPro/libogc/lib/wii\libogc.a(ipc.o)
 .text.__ios_ioctlvformat_parse
                0x80021c28      0x824 C:/devkitPro/libogc/lib/wii\libogc.a(ipc.o)
 .text.__ipc_asyncrequest
                0x8002244c      0x144 C:/devkitPro/libogc/lib/wii\libogc.a(ipc.o)
 .text.__ipc_interrupthandler
                0x80022590      0x384 C:/devkitPro/libogc/lib/wii\libogc.a(ipc.o)
 .text.iosCreateHeap
                0x80022914      0x138 C:/devkitPro/libogc/lib/wii\libogc.a(ipc.o)
                0x80022914                iosCreateHeap
 .text.iosAlloc
                0x80022a4c       0x30 C:/devkitPro/libogc/lib/wii\libogc.a(ipc.o)
                0x80022a4c                iosAlloc
 .text.iosFree  0x80022a7c       0x28 C:/devkitPro/libogc/lib/wii\libogc.a(ipc.o)
                0x80022a7c                iosFree
 .text.__IPC_ClntInit
                0x80022aa4       0xc4 C:/devkitPro/libogc/lib/wii\libogc.a(ipc.o)
                0x80022aa4                __IPC_ClntInit
 .text.IOS_Open
                0x80022b68      0x110 C:/devkitPro/libogc/lib/wii\libogc.a(ipc.o)
                0x80022b68                IOS_Open
 .text.IOS_Close
                0x80022c78       0xf0 C:/devkitPro/libogc/lib/wii\libogc.a(ipc.o)
                0x80022c78                IOS_Close
 .text.IOS_CloseAsync
                0x80022d68       0xb4 C:/devkitPro/libogc/lib/wii\libogc.a(ipc.o)
                0x80022d68                IOS_CloseAsync
 .text.IOS_Read
                0x80022e1c      0x10c C:/devkitPro/libogc/lib/wii\libogc.a(ipc.o)
                0x80022e1c                IOS_Read
 .text.IOS_Write
                0x80022f28      0x10c C:/devkitPro/libogc/lib/wii\libogc.a(ipc.o)
                0x80022f28                IOS_Write
 .text.IOS_Ioctl
                0x80023034      0x158 C:/devkitPro/libogc/lib/wii\libogc.a(ipc.o)
                0x80023034                IOS_Ioctl
 .text.IOS_IoctlAsync
                0x8002318c      0x148 C:/devkitPro/libogc/lib/wii\libogc.a(ipc.o)
                0x8002318c                IOS_IoctlAsync
 .text.IOS_Ioctlv
                0x800232d4      0x1f0 C:/devkitPro/libogc/lib/wii\libogc.a(ipc.o)
                0x800232d4                IOS_Ioctlv
 .text.IOS_IoctlvAsync
                0x800234c4      0x1d4 C:/devkitPro/libogc/lib/wii\libogc.a(ipc.o)
                0x800234c4                IOS_IoctlvAsync
 .text.IOS_IoctlvFormat
                0x80023698      0x170 C:/devkitPro/libogc/lib/wii\libogc.a(ipc.o)
                0x80023698                IOS_IoctlvFormat
 .text.IOS_IoctlvReboot
                0x80023808      0x1f4 C:/devkitPro/libogc/lib/wii\libogc.a(ipc.o)
                0x80023808                IOS_IoctlvReboot
 .text.gettick  0x800239fc        0x8 C:/devkitPro/libogc/lib/wii\libogc.a(timesupp.o)
                0x800239fc                gettick
 .text.gettime  0x80023a04       0x18 C:/devkitPro/libogc/lib/wii\libogc.a(timesupp.o)
                0x80023a04                gettime
 .text.settime  0x80023a1c       0x14 C:/devkitPro/libogc/lib/wii\libogc.a(timesupp.o)
                0x80023a1c                settime
 .text.diff_usec
                0x80023a30       0x90 C:/devkitPro/libogc/lib/wii\libogc.a(timesupp.o)
                0x80023a30                diff_usec
 .text.__timesystem_init
                0x80023ac0       0x1c C:/devkitPro/libogc/lib/wii\libogc.a(timesupp.o)
                0x80023ac0                __timesystem_init
 .text.udelay   0x80023adc       0xb0 C:/devkitPro/libogc/lib/wii\libogc.a(timesupp.o)
                0x80023adc                udelay
 .text.__libogc_nanosleep
                0x80023b8c      0x144 C:/devkitPro/libogc/lib/wii\libogc.a(timesupp.o)
                0x80023b8c                __libogc_nanosleep
 .text.__syscall_lock_init
                0x80023cd0       0x6c C:/devkitPro/libogc/lib/wii\libogc.a(lock_supp.o)
                0x80023cd0                __syscall_lock_init
 .text.__syscall_lock_init_recursive
                0x80023d3c       0x6c C:/devkitPro/libogc/lib/wii\libogc.a(lock_supp.o)
                0x80023d3c                __syscall_lock_init_recursive
 .text.__syscall_lock_close
                0x80023da8       0x48 C:/devkitPro/libogc/lib/wii\libogc.a(lock_supp.o)
                0x80023da8                __syscall_lock_close
 .text.__syscall_lock_acquire
                0x80023df0       0x18 C:/devkitPro/libogc/lib/wii\libogc.a(lock_supp.o)
                0x80023df0                __syscall_lock_acquire
 .text.__syscall_lock_release
                0x80023e08       0x18 C:/devkitPro/libogc/lib/wii\libogc.a(lock_supp.o)
                0x80023e08                __syscall_lock_release
 .text._sbrk_r  0x80023e20      0x28c C:/devkitPro/libogc/lib/wii\libogc.a(sbrk.o)
                0x80023e20                _sbrk_r
 .text.__memlock_init
                0x800240ac       0x7c C:/devkitPro/libogc/lib/wii\libogc.a(malloc_lock.o)
                0x800240ac                __memlock_init
 .text.__libogc_malloc_lock
                0x80024128      0x1fc C:/devkitPro/libogc/lib/wii\libogc.a(malloc_lock.o)
                0x80024128                __libogc_malloc_lock
 .text.__libogc_malloc_unlock
                0x80024324       0x64 C:/devkitPro/libogc/lib/wii\libogc.a(malloc_lock.o)
                0x80024324                __libogc_malloc_unlock
 .text.__STM_SetEventHook
                0x80024388       0xb0 C:/devkitPro/libogc/lib/wii\libogc.a(stm.o)
                0x80024388                __STM_SetEventHook
 .text.__STM_Init
                0x80024438       0x8c C:/devkitPro/libogc/lib/wii\libogc.a(stm.o)
                0x80024438                __STM_Init
 .text.__STMEventHandler
                0x800244c4       0x64 C:/devkitPro/libogc/lib/wii\libogc.a(stm.o)
 .text.__STM_ReleaseEventHook
                0x80024528       0x80 C:/devkitPro/libogc/lib/wii\libogc.a(stm.o)
                0x80024528                __STM_ReleaseEventHook
 .text.__STM_Close
                0x800245a8       0xa8 C:/devkitPro/libogc/lib/wii\libogc.a(stm.o)
                0x800245a8                __STM_Close
 .text.STM_RegisterEventHandler
                0x80024650       0x10 C:/devkitPro/libogc/lib/wii\libogc.a(stm.o)
                0x80024650                STM_RegisterEventHandler
 .text.STM_ShutdownToStandby
                0x80024660       0x50 C:/devkitPro/libogc/lib/wii\libogc.a(stm.o)
                0x80024660                STM_ShutdownToStandby
 .text.STM_ShutdownToIdle
                0x800246b0       0x70 C:/devkitPro/libogc/lib/wii\libogc.a(stm.o)
                0x800246b0                STM_ShutdownToIdle
 .text.STM_SetLedMode
                0x80024720       0x40 C:/devkitPro/libogc/lib/wii\libogc.a(stm.o)
                0x80024720                STM_SetLedMode
 .text.STM_RebootSystem
                0x80024760       0x50 C:/devkitPro/libogc/lib/wii\libogc.a(stm.o)
                0x80024760                STM_RebootSystem
 .text.__IOS_InitializeSubsystems
                0x800247b0       0x48 C:/devkitPro/libogc/lib/wii\libogc.a(ios.o)
                0x800247b0                __IOS_InitializeSubsystems
 .text.__IOS_ShutdownSubsystems
                0x800247f8       0x48 C:/devkitPro/libogc/lib/wii\libogc.a(ios.o)
                0x800247f8                __IOS_ShutdownSubsystems
 .text.__IOS_LoadStartupIOS
                0x80024840        0x8 C:/devkitPro/libogc/lib/wii\libogc.a(ios.o)
                0x80024840                __IOS_LoadStartupIOS
 .text._ES_fstat_r
                0x80024848      0x124 C:/devkitPro/libogc/lib/wii\libogc.a(es.o)
 .text._ES_seek_r
                0x8002496c       0xe0 C:/devkitPro/libogc/lib/wii\libogc.a(es.o)
 .text._ES_close_r
                0x80024a4c       0xb4 C:/devkitPro/libogc/lib/wii\libogc.a(es.o)
 .text.__ES_Init
                0x80024b00       0x78 C:/devkitPro/libogc/lib/wii\libogc.a(es.o)
                0x80024b00                __ES_Init
 .text.__ES_Close
                0x80024b78       0x54 C:/devkitPro/libogc/lib/wii\libogc.a(es.o)
                0x80024b78                __ES_Close
 .text.ES_GetTitleID
                0x80024bcc       0x94 C:/devkitPro/libogc/lib/wii\libogc.a(es.o)
                0x80024bcc                ES_GetTitleID
 .text.ES_LaunchTitle
                0x80024c60       0xa4 C:/devkitPro/libogc/lib/wii\libogc.a(es.o)
                0x80024c60                ES_LaunchTitle
 .text.ES_GetNumTicketViews
                0x80024d04       0x98 C:/devkitPro/libogc/lib/wii\libogc.a(es.o)
                0x80024d04                ES_GetNumTicketViews
 .text.ES_GetTicketViews
                0x80024d9c       0x8c C:/devkitPro/libogc/lib/wii\libogc.a(es.o)
                0x80024d9c                ES_GetTicketViews
 .text.ES_GetStoredTMD
                0x80024e28       0x90 C:/devkitPro/libogc/lib/wii\libogc.a(es.o)
                0x80024e28                ES_GetStoredTMD
 .text._ES_decodepath
                0x80024eb8      0x410 C:/devkitPro/libogc/lib/wii\libogc.a(es.o)
 .text._ES_stat_r
                0x800252c8       0xf0 C:/devkitPro/libogc/lib/wii\libogc.a(es.o)
 .text._ES_open_r
                0x800253b8      0x1cc C:/devkitPro/libogc/lib/wii\libogc.a(es.o)
 .text.ES_ReadContent
                0x80025584       0x6c C:/devkitPro/libogc/lib/wii\libogc.a(es.o)
                0x80025584                ES_ReadContent
 .text._ES_read_r
                0x800255f0      0x1a4 C:/devkitPro/libogc/lib/wii\libogc.a(es.o)
 .text.__usbv5_devicechangeCB
                0x80025794      0x180 C:/devkitPro/libogc/lib/wii\libogc.a(usb.o)
 .text.__usbv5_attachfinishCB
                0x80025914       0xcc C:/devkitPro/libogc/lib/wii\libogc.a(usb.o)
 .text.__usbv5_messageCB
                0x800259e0       0x5c C:/devkitPro/libogc/lib/wii\libogc.a(usb.o)
 .text.__usb_control_message
                0x80025a3c      0x470 C:/devkitPro/libogc/lib/wii\libogc.a(usb.o)
 .text.__usb_interrupt_bulk_message
                0x80025eac      0x2b4 C:/devkitPro/libogc/lib/wii\libogc.a(usb.o)
 .text.__usbv0_messageCB
                0x80026160       0xa8 C:/devkitPro/libogc/lib/wii\libogc.a(usb.o)
 .text.USB_FreeDescriptors.part.0
                0x80026208      0x108 C:/devkitPro/libogc/lib/wii\libogc.a(usb.o)
 .text.USB_GetDescriptors.part.0
                0x80026310      0x69c C:/devkitPro/libogc/lib/wii\libogc.a(usb.o)
 .text.USBV5_SuspendResume
                0x800269ac      0x13c C:/devkitPro/libogc/lib/wii\libogc.a(usb.o)
 .text.USBV5_GetDescriptors
                0x80026ae8      0x50c C:/devkitPro/libogc/lib/wii\libogc.a(usb.o)
 .text.USB_Deinitialize
                0x80026ff4       0xc8 C:/devkitPro/libogc/lib/wii\libogc.a(usb.o)
                0x80026ff4                USB_Deinitialize
 .text.USB_Initialize
                0x800270bc      0x31c C:/devkitPro/libogc/lib/wii\libogc.a(usb.o)
                0x800270bc                USB_Initialize
 .text.USB_OpenDevice
                0x800273d8      0x2f0 C:/devkitPro/libogc/lib/wii\libogc.a(usb.o)
                0x800273d8                USB_OpenDevice
 .text.USBV5_CloseDevice
                0x800276c8      0x128 C:/devkitPro/libogc/lib/wii\libogc.a(usb.o)
                0x800276c8                USBV5_CloseDevice
 .text.USB_CloseDeviceAsync
                0x800277f0       0xd0 C:/devkitPro/libogc/lib/wii\libogc.a(usb.o)
                0x800277f0                USB_CloseDeviceAsync
 .text.USB_ReadIntrMsgAsync
                0x800278c0       0x28 C:/devkitPro/libogc/lib/wii\libogc.a(usb.o)
                0x800278c0                USB_ReadIntrMsgAsync
 .text.USB_ReadBlkMsgAsync
                0x800278e8       0x28 C:/devkitPro/libogc/lib/wii\libogc.a(usb.o)
                0x800278e8                USB_ReadBlkMsgAsync
 .text.USB_WriteBlkMsgAsync
                0x80027910       0x28 C:/devkitPro/libogc/lib/wii\libogc.a(usb.o)
                0x80027910                USB_WriteBlkMsgAsync
 .text.USB_WriteCtrlMsgAsync
                0x80027938        0x4 C:/devkitPro/libogc/lib/wii\libogc.a(usb.o)
                0x80027938                USB_WriteCtrlMsgAsync
 .text.__CheckARGV
                0x8002793c       0x80 C:/devkitPro/libogc/lib/wii\libogc.a(argv.o)
                0x8002793c                __CheckARGV
 .text.CONF_Init
                0x800279bc      0x18c C:/devkitPro/libogc/lib/wii\libogc.a(conf.o)
                0x800279bc                CONF_Init
 .text.__CONF_GetTxt
                0x80027b48      0x1d0 C:/devkitPro/libogc/lib/wii\libogc.a(conf.o)
                0x80027b48                __CONF_GetTxt
 .text.__CONF_Find
                0x80027d18       0xd8 C:/devkitPro/libogc/lib/wii\libogc.a(conf.o)
                0x80027d18                __CONF_Find
 .text.CONF_GetLength
                0x80027df0      0x120 C:/devkitPro/libogc/lib/wii\libogc.a(conf.o)
                0x80027df0                CONF_GetLength
 .text.CONF_Get
                0x80027f10      0x140 C:/devkitPro/libogc/lib/wii\libogc.a(conf.o)
                0x80027f10                CONF_Get
 .text.CONF_GetShutdownMode
                0x80028050       0x54 C:/devkitPro/libogc/lib/wii\libogc.a(conf.o)
                0x80028050                CONF_GetShutdownMode
 .text.CONF_GetIdleLedMode
                0x800280a4       0x54 C:/devkitPro/libogc/lib/wii\libogc.a(conf.o)
                0x800280a4                CONF_GetIdleLedMode
 .text.CONF_GetProgressiveScan
                0x800280f8       0x54 C:/devkitPro/libogc/lib/wii\libogc.a(conf.o)
                0x800280f8                CONF_GetProgressiveScan
 .text.CONF_GetEuRGB60
                0x8002814c       0x54 C:/devkitPro/libogc/lib/wii\libogc.a(conf.o)
                0x8002814c                CONF_GetEuRGB60
 .text.CONF_GetIRSensitivity
                0x800281a0       0x54 C:/devkitPro/libogc/lib/wii\libogc.a(conf.o)
                0x800281a0                CONF_GetIRSensitivity
 .text.CONF_GetSensorBarPosition
                0x800281f4       0x54 C:/devkitPro/libogc/lib/wii\libogc.a(conf.o)
                0x800281f4                CONF_GetSensorBarPosition
 .text.CONF_GetCounterBias
                0x80028248       0x4c C:/devkitPro/libogc/lib/wii\libogc.a(conf.o)
                0x80028248                CONF_GetCounterBias
 .text.CONF_GetDisplayOffsetH
                0x80028294       0x4c C:/devkitPro/libogc/lib/wii\libogc.a(conf.o)
                0x80028294                CONF_GetDisplayOffsetH
 .text.CONF_GetPadDevices
                0x800282e0       0x4c C:/devkitPro/libogc/lib/wii\libogc.a(conf.o)
                0x800282e0                CONF_GetPadDevices
 .text.CONF_GetVideo
                0x8002832c       0x88 C:/devkitPro/libogc/lib/wii\libogc.a(conf.o)
                0x8002832c                CONF_GetVideo
 .text.__WII_WriteNANDBootInfo.isra.0
                0x800283b4       0xc0 C:/devkitPro/libogc/lib/wii\libogc.a(wiilaunch.o)
 .text.__WII_WriteStateFlags.isra.0
                0x80028474       0x98 C:/devkitPro/libogc/lib/wii\libogc.a(wiilaunch.o)
 .text.WII_Initialize
                0x8002850c      0x194 C:/devkitPro/libogc/lib/wii\libogc.a(wiilaunch.o)
                0x8002850c                WII_Initialize
 .text.WII_LaunchTitle
                0x800286a0      0x1c0 C:/devkitPro/libogc/lib/wii\libogc.a(wiilaunch.o)
                0x800286a0                WII_LaunchTitle
 .text.WII_ReturnToMenu
                0x80028860       0x58 C:/devkitPro/libogc/lib/wii\libogc.a(wiilaunch.o)
                0x80028860                WII_ReturnToMenu
 .text.__lwp_priority_init
                0x800288b8       0x1c C:/devkitPro/libogc/lib/wii\libogc.a(lwp_priority.o)
                0x800288b8                __lwp_priority_init
 .text.__lwp_threadqueue_enqueuefifo
                0x800288d4      0x128 C:/devkitPro/libogc/lib/wii\libogc.a(lwp_threadq.o)
                0x800288d4                __lwp_threadqueue_enqueuefifo
 .text.__lwp_threadqueue_dequeuefifo
                0x800289fc      0x140 C:/devkitPro/libogc/lib/wii\libogc.a(lwp_threadq.o)
                0x800289fc                __lwp_threadqueue_dequeuefifo
 .text.__lwp_threadqueue_enqueuepriority
                0x80028b3c      0x344 C:/devkitPro/libogc/lib/wii\libogc.a(lwp_threadq.o)
                0x80028b3c                __lwp_threadqueue_enqueuepriority
 .text.__lwp_threadqueue_dequeuepriority
                0x80028e80      0x1d8 C:/devkitPro/libogc/lib/wii\libogc.a(lwp_threadq.o)
                0x80028e80                __lwp_threadqueue_dequeuepriority
 .text.__lwp_threadqueue_init
                0x80029058       0x64 C:/devkitPro/libogc/lib/wii\libogc.a(lwp_threadq.o)
                0x80029058                __lwp_threadqueue_init
 .text.__lwp_threadqueue_enqueue
                0x800290bc      0x138 C:/devkitPro/libogc/lib/wii\libogc.a(lwp_threadq.o)
                0x800290bc                __lwp_threadqueue_enqueue
 .text.__lwp_threadqueue_dequeue
                0x800291f4       0x24 C:/devkitPro/libogc/lib/wii\libogc.a(lwp_threadq.o)
                0x800291f4                __lwp_threadqueue_dequeue
 .text.__lwp_threadqueue_flush
                0x80029218       0x68 C:/devkitPro/libogc/lib/wii\libogc.a(lwp_threadq.o)
                0x80029218                __lwp_threadqueue_flush
 .text.__lwp_threadqueue_extractfifo
                0x80029280       0xe0 C:/devkitPro/libogc/lib/wii\libogc.a(lwp_threadq.o)
                0x80029280                __lwp_threadqueue_extractfifo
 .text.__lwp_threadqueue_extractpriority
                0x80029360      0x140 C:/devkitPro/libogc/lib/wii\libogc.a(lwp_threadq.o)
                0x80029360                __lwp_threadqueue_extractpriority
 .text.__lwp_threadqueue_timeout
                0x800294a0       0xd0 C:/devkitPro/libogc/lib/wii\libogc.a(lwp_threadq.o)
 .text.__lwp_threadqueue_extractproxy
                0x80029570       0x64 C:/devkitPro/libogc/lib/wii\libogc.a(lwp_threadq.o)
                0x80029570                __lwp_threadqueue_extractproxy
 .text.__lwp_mutex_initialize
                0x800295d4       0xa4 C:/devkitPro/libogc/lib/wii\libogc.a(lwp_mutex.o)
                0x800295d4                __lwp_mutex_initialize
 .text.__lwp_mutex_surrender
                0x80029678      0x164 C:/devkitPro/libogc/lib/wii\libogc.a(lwp_mutex.o)
                0x80029678                __lwp_mutex_surrender
 .text.__lwp_mutex_seize_irq_blocking
                0x800297dc       0xf8 C:/devkitPro/libogc/lib/wii\libogc.a(lwp_mutex.o)
                0x800297dc                __lwp_mutex_seize_irq_blocking
 .text.__lwp_mutex_flush
                0x800298d4        0x4 C:/devkitPro/libogc/lib/wii\libogc.a(lwp_mutex.o)
                0x800298d4                __lwp_mutex_flush
 .text.__systemcall_init
                0x800298d8       0x6c C:/devkitPro/libogc/lib/wii\libogc.a(exception.o)
                0x800298d8                __systemcall_init
 .text.__exception_init
                0x80029944      0x128 C:/devkitPro/libogc/lib/wii\libogc.a(exception.o)
                0x80029944                __exception_init
 .text.__exception_close
                0x80029a6c       0xa4 C:/devkitPro/libogc/lib/wii\libogc.a(exception.o)
                0x80029a6c                __exception_close
 .text.__exception_closeall
                0x80029b10       0x80 C:/devkitPro/libogc/lib/wii\libogc.a(exception.o)
                0x80029b10                __exception_closeall
 .text.c_default_exceptionhandler
                0x80029b90      0x484 C:/devkitPro/libogc/lib/wii\libogc.a(exception.o)
                0x80029b90                c_default_exceptionhandler
 .text.__lwp_sema_init
                0x8002a014       0x14 C:/devkitPro/libogc/lib/wii\libogc.a(semaphore.o)
                0x8002a014                __lwp_sema_init
 .text.SPEC1_MakeStatus
                0x8002a028      0x104 C:/devkitPro/libogc/lib/wii\libogc.a(pad.o)
 .text.__pad_samplinghandler
                0x8002a12c        0x4 C:/devkitPro/libogc/lib/wii\libogc.a(pad.o)
 .text.__pad_doreset
                0x8002a130       0x50 C:/devkitPro/libogc/lib/wii\libogc.a(pad.o)
 .text.__pad_updateorigin
                0x8002a180       0x94 C:/devkitPro/libogc/lib/wii\libogc.a(pad.o)
 .text.__pad_disable
                0x8002a214       0xbc C:/devkitPro/libogc/lib/wii\libogc.a(pad.o)
 .text.__pad_receivecheckcallback
                0x8002a2d0       0x74 C:/devkitPro/libogc/lib/wii\libogc.a(pad.o)
 .text.__pad_typeandstatuscallback
                0x8002a344      0x1b4 C:/devkitPro/libogc/lib/wii\libogc.a(pad.o)
 .text.__pad_originupdatecallback
                0x8002a4f8       0x2c C:/devkitPro/libogc/lib/wii\libogc.a(pad.o)
 .text.SPEC2_MakeStatus
                0x8002a524      0x220 C:/devkitPro/libogc/lib/wii\libogc.a(pad.o)
 .text.__pad_onreset
                0x8002a744      0x10c C:/devkitPro/libogc/lib/wii\libogc.a(pad.o)
 .text.__pad_origincallback
                0x8002a850       0x74 C:/devkitPro/libogc/lib/wii\libogc.a(pad.o)
 .text.__pad_probecallback
                0x8002a8c4       0x84 C:/devkitPro/libogc/lib/wii\libogc.a(pad.o)
 .text.__PADDisableRecalibration
                0x8002a948       0x60 C:/devkitPro/libogc/lib/wii\libogc.a(pad.o)
                0x8002a948                __PADDisableRecalibration
 .text.PAD_Reset
                0x8002a9a8       0xf0 C:/devkitPro/libogc/lib/wii\libogc.a(pad.o)
                0x8002a9a8                PAD_Reset
 .text.PAD_Read
                0x8002aa98      0x2cc C:/devkitPro/libogc/lib/wii\libogc.a(pad.o)
                0x8002aa98                PAD_Read
 .text.PAD_Init
                0x8002ad64       0xf8 C:/devkitPro/libogc/lib/wii\libogc.a(pad.o)
                0x8002ad64                PAD_Init
 .text.PAD_ScanPads
                0x8002ae5c      0x13c C:/devkitPro/libogc/lib/wii\libogc.a(pad.o)
                0x8002ae5c                PAD_ScanPads
 .text.PAD_ButtonsDown
                0x8002af98       0x40 C:/devkitPro/libogc/lib/wii\libogc.a(pad.o)
                0x8002af98                PAD_ButtonsDown
 .text.__exi_irq_handler
                0x8002afd8       0x58 C:/devkitPro/libogc/lib/wii\libogc.a(exi.o)
 .text.__ext_irq_handler
                0x8002b030       0xc8 C:/devkitPro/libogc/lib/wii\libogc.a(exi.o)
 .text.__tc_irq_handler
                0x8002b0f8      0x174 C:/devkitPro/libogc/lib/wii\libogc.a(exi.o)
 .text.__exi_probe
                0x8002b26c      0x208 C:/devkitPro/libogc/lib/wii\libogc.a(exi.o)
 .text.__exi_attach
                0x8002b474      0x114 C:/devkitPro/libogc/lib/wii\libogc.a(exi.o)
 .text.EXI_Lock
                0x8002b588      0x258 C:/devkitPro/libogc/lib/wii\libogc.a(exi.o)
                0x8002b588                EXI_Lock
 .text.EXI_Unlock
                0x8002b7e0      0x2b0 C:/devkitPro/libogc/lib/wii\libogc.a(exi.o)